// Jest Snapshot v1, https://goo.gl/fbAQLP

exports[`PspRadioItem match snapshot 1`] = `
<View
  style={
    Array [
      Object {},
      Object {
        "alignItems": "flex-start",
        "flexDirection": "row",
        "justifyContent": "space-between",
      },
    ]
  }
>
  <Text
    color="bluegreyDark"
    font="TitilliumWeb"
    fontStyle={
      Object {
        "fontSize": 16,
      }
    }
    style={
      Array [
        Object {
          "fontSize": 16,
        },
        Object {
          "color": "#17324D",
          "fontFamily": "Titillium Web",
          "fontStyle": "normal",
          "fontWeight": "600",
        },
      ]
    }
    testID="pspNameTestID"
    weight="SemiBold"
    weightColorFactory={[Function]}
  >
    PayTipper
  </Text>
  <View
    style={
      Array [
        Object {},
        Object {
          "alignItems": "flex-end",
          "flex": 1,
          "flexDirection": "column",
        },
      ]
    }
  >
    <View
      accessible={true}
      focusable={true}
      onClick={[Function]}
      onResponderGrant={[Function]}
      onResponderMove={[Function]}
      onResponderRelease={[Function]}
      onResponderTerminate={[Function]}
      onResponderTerminationRequest={[Function]}
      onStartShouldSetResponder={[Function]}
      style={
        Object {
          "opacity": 1,
        }
      }
      testID="infoIconTestID"
    >
      <Text
        accessibilityElementsHidden={true}
        accessibilityLabel=""
        accessible={false}
        allowFontScaling={false}
        importantForAccessibility="no-hide-descendants"
        style={
          Array [
            Object {
              "color": "#0073E6",
              "fontSize": 24,
            },
            Array [
              Object {},
              Object {
                "color": "#0073E6",
              },
              Object {
                "fontSize": 24,
              },
            ],
            Object {
              "fontFamily": "io-icon-font",
              "fontStyle": "normal",
              "fontWeight": "normal",
            },
            Object {},
          ]
        }
      >
        î¤¦
      </Text>
    </View>
  </View>
</View>
`;
