// Jest Snapshot v1, https://goo.gl/fbAQLP

exports[`IdPayWalletCard should match the snapshot 1`] = `
<View
  style={
    Object {
      "flex": 1,
    }
  }
>
  <RNCSafeAreaProvider
    onInsetsChange={[Function]}
    style={
      Array [
        Object {
          "flex": 1,
        },
        undefined,
      ]
    }
  >
    <View
      style={
        Array [
          Object {
            "backgroundColor": "#FFFFFF",
            "flex": 1,
          },
          undefined,
        ]
      }
    >
      <View
        collapsable={false}
        pointerEvents="box-none"
        style={
          Object {
            "zIndex": 1,
          }
        }
      >
        <View
          accessibilityElementsHidden={false}
          importantForAccessibility="auto"
          onLayout={[Function]}
          pointerEvents="box-none"
          style={null}
        >
          <View
            collapsable={false}
            pointerEvents="box-none"
            style={
              Object {
                "bottom": 0,
                "left": 0,
                "opacity": 1,
                "position": "absolute",
                "right": 0,
                "top": 0,
                "zIndex": 0,
              }
            }
          >
            <View
              collapsable={false}
              style={
                Object {
                  "backgroundColor": "#FFFFFF",
                  "borderBottomColor": "rgb(216, 216, 216)",
                  "flex": 1,
                  "shadowColor": "rgb(216, 216, 216)",
                  "shadowOffset": Object {
                    "height": 0.5,
                    "width": 0,
                  },
                  "shadowOpacity": 0.85,
                  "shadowRadius": 0,
                }
              }
            />
          </View>
          <View
            collapsable={false}
            pointerEvents="box-none"
            style={
              Object {
                "height": 44,
                "maxHeight": undefined,
                "minHeight": undefined,
                "opacity": undefined,
                "transform": undefined,
              }
            }
          >
            <View
              pointerEvents="none"
              style={
                Object {
                  "height": 0,
                }
              }
            />
            <View
              pointerEvents="box-none"
              style={
                Object {
                  "alignItems": "stretch",
                  "flex": 1,
                  "flexDirection": "row",
                }
              }
            >
              <View
                collapsable={false}
                pointerEvents="box-none"
                style={
                  Object {
                    "alignItems": "flex-start",
                    "flexBasis": 0,
                    "flexGrow": 1,
                    "justifyContent": "center",
                    "marginStart": 0,
                    "opacity": 1,
                  }
                }
              />
              <View
                collapsable={false}
                pointerEvents="box-none"
                style={
                  Object {
                    "justifyContent": "center",
                    "marginHorizontal": 16,
                    "maxWidth": 718,
                    "opacity": 1,
                  }
                }
              >
                <Text
                  accessibilityRole="header"
                  aria-level="1"
                  collapsable={false}
                  numberOfLines={1}
                  onLayout={[Function]}
                  style={
                    Object {
                      "color": "rgb(28, 28, 30)",
                      "fontSize": 17,
                      "fontWeight": "600",
                    }
                  }
                >
                  WALLET_HOME
                </Text>
              </View>
              <View
                collapsable={false}
                pointerEvents="box-none"
                style={
                  Object {
                    "alignItems": "flex-end",
                    "flexBasis": 0,
                    "flexGrow": 1,
                    "justifyContent": "center",
                    "marginEnd": 0,
                    "opacity": 1,
                  }
                }
              />
            </View>
          </View>
        </View>
      </View>
      <View
        onLayout={[Function]}
        style={
          Object {
            "flex": 1,
          }
        }
      >
        <View
          activityState={2}
          collapsable={false}
          forwardedRef={[Function]}
          pointerEvents="box-none"
          style={
            Object {
              "bottom": 0,
              "left": 0,
              "position": "absolute",
              "right": 0,
              "top": 0,
            }
          }
        >
          <View
            collapsable={false}
            style={
              Object {
                "opacity": 1,
              }
            }
          />
          <View
            accessibilityElementsHidden={false}
            closing={false}
            gestureVelocityImpact={0.3}
            importantForAccessibility="auto"
            onClose={[Function]}
            onGestureBegin={[Function]}
            onGestureCanceled={[Function]}
            onGestureEnd={[Function]}
            onOpen={[Function]}
            onTransition={[Function]}
            pointerEvents="box-none"
            style={
              Array [
                Object {
                  "display": "flex",
                  "overflow": undefined,
                },
                Object {
                  "bottom": 0,
                  "left": 0,
                  "position": "absolute",
                  "right": 0,
                  "top": 0,
                },
              ]
            }
            transitionSpec={
              Object {
                "close": Object {
                  "animation": "spring",
                  "config": Object {
                    "damping": 500,
                    "mass": 3,
                    "overshootClamping": true,
                    "restDisplacementThreshold": 10,
                    "restSpeedThreshold": 10,
                    "stiffness": 1000,
                  },
                },
                "open": Object {
                  "animation": "spring",
                  "config": Object {
                    "damping": 500,
                    "mass": 3,
                    "overshootClamping": true,
                    "restDisplacementThreshold": 10,
                    "restSpeedThreshold": 10,
                    "stiffness": 1000,
                  },
                },
              }
            }
          >
            <View
              collapsable={false}
              pointerEvents="box-none"
              style={
                Object {
                  "flex": 1,
                }
              }
            >
              <View
                collapsable={false}
                forwardedRef={[Function]}
                handlerTag={1}
                handlerType="PanGestureHandler"
                needsOffscreenAlphaCompositing={false}
                onGestureHandlerEvent={[Function]}
                onGestureHandlerStateChange={[Function]}
                style={
                  Object {
                    "flex": 1,
                    "transform": Array [
                      Object {
                        "translateX": 0,
                      },
                      Object {
                        "translateX": 0,
                      },
                    ],
                  }
                }
              >
                <View
                  pointerEvents="box-none"
                  style={
                    Array [
                      Object {
                        "flex": 1,
                        "overflow": "hidden",
                      },
                      Array [
                        Object {
                          "backgroundColor": "#FFFFFF",
                        },
                        undefined,
                      ],
                    ]
                  }
                >
                  <View
                    style={
                      Object {
                        "flex": 1,
                        "flexDirection": "column-reverse",
                      }
                    }
                  >
                    <View
                      style={
                        Object {
                          "flex": 1,
                        }
                      }
                    >
                      <View
                        accessible={true}
                        collapsable={false}
                        focusable={true}
                        onBlur={[Function]}
                        onClick={[Function]}
                        onFocus={[Function]}
                        onResponderGrant={[Function]}
                        onResponderMove={[Function]}
                        onResponderRelease={[Function]}
                        onResponderTerminate={[Function]}
                        onResponderTerminationRequest={[Function]}
                        onStartShouldSetResponder={[Function]}
                        style={
                          Object {
                            "aspectRatio": 1.6,
                          }
                        }
                      >
                        <View
                          style={
                            Object {
                              "bottom": 0,
                              "left": 0,
                              "position": "absolute",
                              "right": 0,
                              "top": 0,
                            }
                          }
                        >
                          <RNSVGSvgView
                            bbHeight="100%"
                            bbWidth="100%"
                            focusable={false}
                            height="100%"
                            style={
                              Array [
                                Object {
                                  "backgroundColor": "transparent",
                                  "borderWidth": 0,
                                },
                                Object {
                                  "flex": 0,
                                  "height": "100%",
                                  "width": "100%",
                                },
                              ]
                            }
                            width="100%"
                          >
                            <RNSVGGroup>
                              <RNSVGDefs>
                                <RNSVGClipPath
                                  name="clip"
                                >
                                  <RNSVGCircle
                                    cx="75%"
                                    cy="0"
                                    r={16}
                                  />
                                  <RNSVGCircle
                                    cx="75%"
                                    cy="100%"
                                    r={16}
                                  />
                                  <RNSVGRect
                                    height="100%"
                                    width="100%"
                                    x={0}
                                    y={0}
                                  />
                                </RNSVGClipPath>
                              </RNSVGDefs>
                              <RNSVGRect
                                clipPath="clip"
                                fill={4292733946}
                                height="100%"
                                propList={
                                  Array [
                                    "fill",
                                    "stroke",
                                    "strokeWidth",
                                    "strokeOpacity",
                                  ]
                                }
                                rx={16}
                                ry={16}
                                stroke={4278190080}
                                strokeOpacity={0.12}
                                strokeWidth={1}
                                width="100%"
                                x={0}
                                y={0}
                              />
                            </RNSVGGroup>
                          </RNSVGSvgView>
                        </View>
                        <View
                          style={
                            Object {
                              "flex": 1,
                              "justifyContent": "space-between",
                              "paddingBottom": 16,
                              "paddingLeft": 16,
                              "paddingRight": 12,
                              "paddingTop": 12,
                            }
                          }
                        >
                          <View>
                            <View
                              style={
                                Object {
                                  "alignItems": "center",
                                  "flexDirection": "row",
                                  "justifyContent": "space-between",
                                }
                              }
                            >
                              <Text
                                allowFontScaling={false}
                                color="blueItalia-850"
                                defaultColor="black"
                                defaultWeight="SemiBold"
                                font="TitilliumWeb"
                                fontStyle={
                                  Object {
                                    "fontSize": 18,
                                    "lineHeight": 25,
                                  }
                                }
                                style={
                                  Array [
                                    Object {
                                      "fontSize": 18,
                                      "lineHeight": 25,
                                    },
                                    Object {
                                      "color": "#001F3D",
                                      "fontFamily": "Titillium Web",
                                      "fontStyle": "normal",
                                      "fontWeight": "600",
                                    },
                                  ]
                                }
                                weight="SemiBold"
                              >
                                18 app
                              </Text>
                              <View
                                style={
                                  Array [
                                    Object {
                                      "borderColor": "rgba(14,15,19,0.1)",
                                      "borderCurve": "continuous",
                                      "borderWidth": 1,
                                      "overflow": "hidden",
                                    },
                                    Object {
                                      "backgroundColor": "#FFFFFF",
                                      "borderRadius": 8,
                                      "height": 44,
                                      "padding": 6,
                                      "width": 44,
                                    },
                                  ]
                                }
                              >
                                <View
                                  style={
                                    Array [
                                      Object {
                                        "backgroundColor": "#FFFFFF",
                                        "borderCurve": "continuous",
                                        "overflow": "hidden",
                                        "resizeMode": "contain",
                                      },
                                      Object {
                                        "borderRadius": 2,
                                      },
                                    ]
                                  }
                                >
                                  <Image
                                    onError={[Function]}
                                    source={
                                      Object {
                                        "uri": "https://vtlogo.com/wp-content/uploads/2021/08/18app-vector-logo.png",
                                      }
                                    }
                                    style={
                                      Object {
                                        "height": "100%",
                                        "width": "100%",
                                      }
                                    }
                                  />
                                </View>
                              </View>
                            </View>
                            <View
                              style={
                                Object {
                                  "height": 16,
                                }
                              }
                            />
                            <Text
                              allowFontScaling={false}
                              color="black"
                              defaultColor="black"
                              defaultWeight="SemiBold"
                              font="TitilliumWeb"
                              fontStyle={
                                Object {
                                  "fontSize": 16,
                                  "lineHeight": 21,
                                }
                              }
                              style={
                                Array [
                                  Object {
                                    "fontSize": 16,
                                    "lineHeight": 21,
                                  },
                                  Object {
                                    "color": "#0E0F13",
                                    "fontFamily": "Titillium Web",
                                    "fontStyle": "normal",
                                    "fontWeight": "600",
                                  },
                                ]
                              }
                              weight="SemiBold"
                            >
                              Disponibile
                            </Text>
                            <Text
                              allowFontScaling={false}
                              color="blueItalia-500"
                              defaultColor="bluegreyDark"
                              defaultWeight="SemiBold"
                              font="TitilliumWeb"
                              fontStyle={
                                Object {
                                  "fontSize": 24,
                                  "lineHeight": 34,
                                }
                              }
                              style={
                                Array [
                                  Object {
                                    "fontSize": 24,
                                    "lineHeight": 34,
                                  },
                                  Object {
                                    "color": "#0066CC",
                                    "fontFamily": "Titillium Web",
                                    "fontStyle": "normal",
                                    "fontWeight": "600",
                                  },
                                ]
                              }
                              weight="SemiBold"
                            >
                              9,999.00 €
                            </Text>
                          </View>
                          <Text
                            allowFontScaling={false}
                            color="blueItalia-850"
                            defaultColor="black"
                            defaultWeight="SemiBold"
                            font="TitilliumWeb"
                            fontStyle={
                              Object {
                                "fontSize": 16,
                                "lineHeight": 21,
                              }
                            }
                            style={
                              Array [
                                Object {
                                  "fontSize": 16,
                                  "lineHeight": 21,
                                },
                                Object {
                                  "color": "#001F3D",
                                  "fontFamily": "Titillium Web",
                                  "fontStyle": "normal",
                                  "fontWeight": "600",
                                },
                              ]
                            }
                            weight="SemiBold"
                          >
                            Valida fino al 12/23
                          </Text>
                        </View>
                      </View>
                    </View>
                  </View>
                </View>
              </View>
            </View>
          </View>
        </View>
      </View>
    </View>
  </RNCSafeAreaProvider>
</View>
`;
