// Jest Snapshot v1, https://goo.gl/fbAQLP

exports[`IdPayWalletCard should match the snapshot 1`] = `
<View
  style={
    Object {
      "aspectRatio": 1.6,
    }
  }
>
  <View
    style={
      Object {
        "bottom": 0,
        "left": 0,
        "position": "absolute",
        "right": 0,
        "top": 0,
      }
    }
  >
    <RNSVGSvgView
      bbHeight="100%"
      bbWidth="100%"
      focusable={false}
      height="100%"
      style={
        Array [
          Object {
            "backgroundColor": "transparent",
            "borderWidth": 0,
          },
          Object {
            "flex": 0,
            "height": "100%",
            "width": "100%",
          },
        ]
      }
      width="100%"
    >
      <RNSVGGroup
        fill={
          Object {
            "payload": 4278190080,
            "type": 0,
          }
        }
      >
        <RNSVGDefs>
          <RNSVGClipPath
            fill={
              Object {
                "payload": 4278190080,
                "type": 0,
              }
            }
            name="clip"
          >
            <RNSVGCircle
              cx="75%"
              cy="0"
              fill={
                Object {
                  "payload": 4278190080,
                  "type": 0,
                }
              }
              r={16}
            />
            <RNSVGCircle
              cx="75%"
              cy="100%"
              fill={
                Object {
                  "payload": 4278190080,
                  "type": 0,
                }
              }
              r={16}
            />
            <RNSVGRect
              fill={
                Object {
                  "payload": 4278190080,
                  "type": 0,
                }
              }
              height="100%"
              width="100%"
              x={0}
              y={0}
            />
          </RNSVGClipPath>
        </RNSVGDefs>
        <RNSVGRect
          clipPath="clip"
          fill={
            Object {
              "payload": 4292733946,
              "type": 0,
            }
          }
          height="100%"
          propList={
            Array [
              "fill",
              "stroke",
              "strokeWidth",
              "strokeOpacity",
            ]
          }
          rx={16}
          ry={16}
          stroke={
            Object {
              "payload": 4278190080,
              "type": 0,
            }
          }
          strokeOpacity={0.12}
          strokeWidth={1}
          width="100%"
          x={0}
          y={0}
        />
      </RNSVGGroup>
    </RNSVGSvgView>
  </View>
  <View
    style={
      Object {
        "flex": 1,
        "justifyContent": "space-between",
        "paddingBottom": 16,
        "paddingLeft": 16,
        "paddingRight": 12,
        "paddingTop": 12,
      }
    }
  >
    <View>
      <View
        style={
          Object {
            "alignItems": "center",
            "flexDirection": "row",
            "justifyContent": "space-between",
          }
        }
      >
        <Text
          allowFontScaling={false}
          color="blueItalia-850"
          defaultColor="black"
          defaultWeight="SemiBold"
          font="TitilliumWeb"
          fontStyle={
            Object {
              "fontSize": 18,
              "lineHeight": 25,
            }
          }
          style={
            Array [
              Object {
                "fontSize": 18,
                "lineHeight": 25,
              },
              Object {
                "color": "#001F3D",
                "fontFamily": "Titillium Web",
                "fontStyle": "normal",
                "fontWeight": "600",
              },
            ]
          }
          weight="SemiBold"
        >
          18 app
        </Text>
        <View
          accessibilityIgnoresInvertColors={true}
          style={
            Array [
              Object {
                "borderColor": "rgba(14,15,19,0.1)",
                "borderCurve": "continuous",
                "borderWidth": 1,
                "overflow": "hidden",
              },
              Object {
                "backgroundColor": "#FFFFFF",
                "borderRadius": 8,
                "height": 44,
                "padding": 6,
                "width": 44,
              },
            ]
          }
        >
          <View
            style={
              Array [
                Object {
                  "backgroundColor": "#FFFFFF",
                  "borderCurve": "continuous",
                  "overflow": "hidden",
                  "resizeMode": "contain",
                },
                Object {
                  "borderRadius": 2,
                },
              ]
            }
          >
            <Image
              accessibilityIgnoresInvertColors={true}
              onError={[Function]}
              source={
                Object {
                  "uri": "https://vtlogo.com/wp-content/uploads/2021/08/18app-vector-logo.png",
                }
              }
              style={
                Object {
                  "height": "100%",
                  "width": "100%",
                }
              }
            />
          </View>
        </View>
      </View>
      <View
        style={
          Object {
            "height": 16,
          }
        }
      />
      <Text
        allowFontScaling={false}
        color="black"
        defaultColor="black"
        defaultWeight="SemiBold"
        font="TitilliumWeb"
        fontStyle={
          Object {
            "fontSize": 16,
            "lineHeight": 21,
          }
        }
        style={
          Array [
            Object {
              "fontSize": 16,
              "lineHeight": 21,
            },
            Object {
              "color": "#0E0F13",
              "fontFamily": "Titillium Web",
              "fontStyle": "normal",
              "fontWeight": "600",
            },
          ]
        }
        weight="SemiBold"
      >
        Disponibile
      </Text>
      <Text
        allowFontScaling={false}
        color="blueItalia-500"
        defaultColor="bluegreyDark"
        defaultWeight="SemiBold"
        font="TitilliumWeb"
        fontStyle={
          Object {
            "fontSize": 24,
            "lineHeight": 34,
          }
        }
        style={
          Array [
            Object {
              "fontSize": 24,
              "lineHeight": 34,
            },
            Object {
              "color": "#0066CC",
              "fontFamily": "Titillium Web",
              "fontStyle": "normal",
              "fontWeight": "600",
            },
          ]
        }
        weight="SemiBold"
      >
        9,999.00 â‚¬
      </Text>
    </View>
    <Text
      allowFontScaling={false}
      color="blueItalia-850"
      defaultColor="black"
      defaultWeight="SemiBold"
      font="TitilliumWeb"
      fontStyle={
        Object {
          "fontSize": 16,
          "lineHeight": 21,
        }
      }
      style={
        Array [
          Object {
            "fontSize": 16,
            "lineHeight": 21,
          },
          Object {
            "color": "#001F3D",
            "fontFamily": "Titillium Web",
            "fontStyle": "normal",
            "fontWeight": "600",
          },
        ]
      }
      weight="SemiBold"
    >
      Valida fino al 12/23
    </Text>
  </View>
</View>
`;
