// Jest Snapshot v1, https://goo.gl/fbAQLP

exports[`the \`CtaBar\` component when neither \`paymentData\` nor \`dueDate\` are defined for the message details should match the snapshot (no buttons) 1`] = `
<View
  onLayout={[Function]}
  style={
    Object {
      "flex": 1,
    }
  }
>
  <View
    collapsable={false}
    forwardedRef={[Function]}
    onGestureHandlerEvent={[Function]}
    onGestureHandlerStateChange={[Function]}
    style={
      Object {
        "backgroundColor": "#eee",
        "flex": 1,
        "flexDirection": "column-reverse",
        "overflow": "hidden",
      }
    }
  >
    <View
      style={
        Object {
          "flex": 1,
        }
      }
    >
      <View
        forwardedRef={[Function]}
        pointerEvents="none"
        style={
          Object {
            "bottom": 0,
            "left": 0,
            "opacity": 0,
            "position": "absolute",
            "right": 0,
            "top": 0,
            "transform": Array [
              Object {
                "translateX": 1000000,
              },
              Object {
                "translateY": 1000000,
              },
            ],
          }
        }
      >
        <View
          accessibilityElementsHidden={true}
          style={
            Object {
              "backgroundColor": "#fff",
              "flex": 1,
            }
          }
        />
      </View>
      <View
        forwardedRef={[Function]}
        pointerEvents="box-only"
        style={
          Object {
            "bottom": 0,
            "left": 0,
            "opacity": 1,
            "position": "absolute",
            "right": 0,
            "top": 0,
            "transform": Array [
              Object {
                "translateX": 0,
              },
              Object {
                "translateY": 0,
              },
            ],
          }
        }
      >
        <View
          accessibilityElementsHidden={false}
          style={
            Object {
              "backgroundColor": "#fff",
              "flex": 1,
            }
          }
        >
          <View
            style={Object {}}
            testID="CtaBar_withFooter"
          />
        </View>
      </View>
    </View>
  </View>
</View>
`;
