// Jest Snapshot v1, https://goo.gl/fbAQLP

exports[`CieIdLoginScreen Should match snapshot 1`] = `
<RNCSafeAreaView
  edges={
    {
      "bottom": "additive",
      "left": "additive",
      "right": "additive",
      "top": "additive",
    }
  }
  style={
    {
      "flex": 1,
      "justifyContent": "center",
      "marginHorizontal": 16,
    }
  }
>
  <View
    javaScriptEnabled={true}
    onError={[Function]}
    onHttpError={[Function]}
    onShouldStartLoadWithRequest={[Function]}
    originWhitelist={
      [
        "https://*",
        "iologin://*",
        "http://*",
      ]
    }
    renderLoading={[Function]}
    source={
      {
        "uri": "undefined/login?entityID=xx_servizicie&authLevel=undefined",
      }
    }
    startInLoadingState={true}
    testID="cie-id-webview"
    userAgent="Mozilla/5.0 (iPhone; CPU iPhone OS 14_0_1 like Mac OS X) AppleWebKit/605.1.15 (KHTML, like Gecko) Version/14.0 Mobile/15E148 Safari/604.1"
  />
</RNCSafeAreaView>
`;
