// Jest Snapshot v1, https://goo.gl/fbAQLP

exports[`Test LinkedText component should render a LinkedText component with props correctly 1`] = `
<Text
  color="bluegreyDark"
  font="TitilliumWeb"
  fontStyle={
    Object {
      "fontSize": 16,
      "lineHeight": 22,
    }
  }
  style={
    Array [
      Object {
        "fontSize": 16,
        "lineHeight": 22,
      },
      Object {
        "color": "#17324D",
        "fontFamily": "Titillium Web",
        "fontStyle": "normal",
        "fontWeight": "700",
      },
    ]
  }
  weight="Bold"
  weightColorFactory={[Function]}
>
  <Text
    color="bluegreyDark"
    font="TitilliumWeb"
    fontStyle={
      Object {
        "fontSize": 16,
        "lineHeight": 22,
      }
    }
    style={
      Array [
        Object {
          "fontSize": 16,
          "lineHeight": 22,
        },
        Object {
          "color": "#17324D",
          "fontFamily": "Titillium Web",
          "fontStyle": "normal",
          "fontWeight": "400",
        },
      ]
    }
    weight="Regular"
    weightColorFactory={[Function]}
  />
  <Text
    color="bluegreyDark"
    font="TitilliumWeb"
    fontStyle={
      Object {
        "fontSize": 16,
        "lineHeight": 22,
      }
    }
    style={
      Array [
        Object {
          "fontSize": 16,
          "lineHeight": 22,
        },
        Object {
          "color": "#17324D",
          "fontFamily": "Titillium Web",
          "fontStyle": "normal",
          "fontWeight": "400",
        },
      ]
    }
    weight="Regular"
    weightColorFactory={[Function]}
  >
    C
  </Text>
  <Text
    color="bluegreyDark"
    font="TitilliumWeb"
    fontStyle={
      Object {
        "fontSize": 16,
        "lineHeight": 22,
      }
    }
    style={
      Array [
        Object {
          "fontSize": 16,
          "lineHeight": 22,
        },
        Object {
          "color": "#17324D",
          "fontFamily": "Titillium Web",
          "fontStyle": "normal",
          "fontWeight": "400",
        },
      ]
    }
    weight="Regular"
    weightColorFactory={[Function]}
  >
    l
  </Text>
  <Text
    color="bluegreyDark"
    font="TitilliumWeb"
    fontStyle={
      Object {
        "fontSize": 16,
        "lineHeight": 22,
      }
    }
    style={
      Array [
        Object {
          "fontSize": 16,
          "lineHeight": 22,
        },
        Object {
          "color": "#17324D",
          "fontFamily": "Titillium Web",
          "fontStyle": "normal",
          "fontWeight": "400",
        },
      ]
    }
    weight="Regular"
    weightColorFactory={[Function]}
  >
    a
  </Text>
  <Text
    color="bluegreyDark"
    font="TitilliumWeb"
    fontStyle={
      Object {
        "fontSize": 16,
        "lineHeight": 22,
      }
    }
    style={
      Array [
        Object {
          "fontSize": 16,
          "lineHeight": 22,
        },
        Object {
          "color": "#17324D",
          "fontFamily": "Titillium Web",
          "fontStyle": "normal",
          "fontWeight": "400",
        },
      ]
    }
    weight="Regular"
    weightColorFactory={[Function]}
  >
    u
  </Text>
  <Text
    color="bluegreyDark"
    font="TitilliumWeb"
    fontStyle={
      Object {
        "fontSize": 16,
        "lineHeight": 22,
      }
    }
    style={
      Array [
        Object {
          "fontSize": 16,
          "lineHeight": 22,
        },
        Object {
          "color": "#17324D",
          "fontFamily": "Titillium Web",
          "fontStyle": "normal",
          "fontWeight": "400",
        },
      ]
    }
    weight="Regular"
    weightColorFactory={[Function]}
  >
    s
  </Text>
  <Text
    color="bluegreyDark"
    font="TitilliumWeb"
    fontStyle={
      Object {
        "fontSize": 16,
        "lineHeight": 22,
      }
    }
    style={
      Array [
        Object {
          "fontSize": 16,
          "lineHeight": 22,
        },
        Object {
          "color": "#17324D",
          "fontFamily": "Titillium Web",
          "fontStyle": "normal",
          "fontWeight": "400",
        },
      ]
    }
    weight="Regular"
    weightColorFactory={[Function]}
  >
    e
  </Text>
  <Text
    color="bluegreyDark"
    font="TitilliumWeb"
    fontStyle={
      Object {
        "fontSize": 16,
        "lineHeight": 22,
      }
    }
    style={
      Array [
        Object {
          "fontSize": 16,
          "lineHeight": 22,
        },
        Object {
          "color": "#17324D",
          "fontFamily": "Titillium Web",
          "fontStyle": "normal",
          "fontWeight": "400",
        },
      ]
    }
    weight="Regular"
    weightColorFactory={[Function]}
  >
     
  </Text>
  <Text
    color="bluegreyDark"
    font="TitilliumWeb"
    fontStyle={
      Object {
        "fontSize": 16,
        "lineHeight": 22,
      }
    }
    style={
      Array [
        Object {
          "fontSize": 16,
          "lineHeight": 22,
        },
        Object {
          "color": "#17324D",
          "fontFamily": "Titillium Web",
          "fontStyle": "normal",
          "fontWeight": "400",
        },
      ]
    }
    weight="Regular"
    weightColorFactory={[Function]}
  >
    t
  </Text>
  <Text
    color="bluegreyDark"
    font="TitilliumWeb"
    fontStyle={
      Object {
        "fontSize": 16,
        "lineHeight": 22,
      }
    }
    style={
      Array [
        Object {
          "fontSize": 16,
          "lineHeight": 22,
        },
        Object {
          "color": "#17324D",
          "fontFamily": "Titillium Web",
          "fontStyle": "normal",
          "fontWeight": "400",
        },
      ]
    }
    weight="Regular"
    weightColorFactory={[Function]}
  >
    i
  </Text>
  <Text
    color="bluegreyDark"
    font="TitilliumWeb"
    fontStyle={
      Object {
        "fontSize": 16,
        "lineHeight": 22,
      }
    }
    style={
      Array [
        Object {
          "fontSize": 16,
          "lineHeight": 22,
        },
        Object {
          "color": "#17324D",
          "fontFamily": "Titillium Web",
          "fontStyle": "normal",
          "fontWeight": "400",
        },
      ]
    }
    weight="Regular"
    weightColorFactory={[Function]}
  >
    t
  </Text>
  <Text
    color="bluegreyDark"
    font="TitilliumWeb"
    fontStyle={
      Object {
        "fontSize": 16,
        "lineHeight": 22,
      }
    }
    style={
      Array [
        Object {
          "fontSize": 16,
          "lineHeight": 22,
        },
        Object {
          "color": "#17324D",
          "fontFamily": "Titillium Web",
          "fontStyle": "normal",
          "fontWeight": "400",
        },
      ]
    }
    weight="Regular"
    weightColorFactory={[Function]}
  >
    l
  </Text>
  <Text
    color="bluegreyDark"
    font="TitilliumWeb"
    fontStyle={
      Object {
        "fontSize": 16,
        "lineHeight": 22,
      }
    }
    style={
      Array [
        Object {
          "fontSize": 16,
          "lineHeight": 22,
        },
        Object {
          "color": "#17324D",
          "fontFamily": "Titillium Web",
          "fontStyle": "normal",
          "fontWeight": "400",
        },
      ]
    }
    weight="Regular"
    weightColorFactory={[Function]}
  >
    e
  </Text>
  <Text
    color="bluegreyDark"
    font="TitilliumWeb"
    fontStyle={
      Object {
        "fontSize": 16,
        "lineHeight": 22,
      }
    }
    style={
      Array [
        Object {
          "fontSize": 16,
          "lineHeight": 22,
        },
        Object {
          "color": "#17324D",
          "fontFamily": "Titillium Web",
          "fontStyle": "normal",
          "fontWeight": "400",
        },
      ]
    }
    weight="Regular"
    weightColorFactory={[Function]}
  >
     
  </Text>
  <Text
    color="bluegreyDark"
    font="TitilliumWeb"
    fontStyle={
      Object {
        "fontSize": 16,
        "lineHeight": 22,
      }
    }
    style={
      Array [
        Object {
          "fontSize": 16,
          "lineHeight": 22,
        },
        Object {
          "color": "#17324D",
          "fontFamily": "Titillium Web",
          "fontStyle": "normal",
          "fontWeight": "400",
        },
      ]
    }
    weight="Regular"
    weightColorFactory={[Function]}
  >
    1
  </Text>
  <Text
    color="bluegreyDark"
    font="TitilliumWeb"
    fontStyle={
      Object {
        "fontSize": 16,
        "lineHeight": 22,
      }
    }
    style={
      Array [
        Object {
          "fontSize": 16,
          "lineHeight": 22,
        },
        Object {
          "color": "#17324D",
          "fontFamily": "Titillium Web",
          "fontStyle": "normal",
          "fontWeight": "400",
        },
      ]
    }
    weight="Regular"
    weightColorFactory={[Function]}
  />
</Text>
`;
