// Jest Snapshot v1, https://goo.gl/fbAQLP

exports[`FeaturedInstitutionCard should match the snapshot 1`] = `
<View
  style={
    {
      "flex": 1,
    }
  }
>
  <RNCSafeAreaProvider
    onInsetsChange={[Function]}
    style={
      [
        {
          "flex": 1,
        },
        undefined,
      ]
    }
  >
    <View
      style={
        [
          {
            "backgroundColor": "#FFFFFF",
            "flex": 1,
          },
          undefined,
        ]
      }
    >
      <View
        collapsable={false}
        pointerEvents="box-none"
        style={
          {
            "zIndex": 1,
          }
        }
      >
        <View
          accessibilityElementsHidden={false}
          importantForAccessibility="auto"
          onLayout={[Function]}
          pointerEvents="box-none"
          style={null}
        >
          <View
            collapsable={false}
            pointerEvents="box-none"
            style={
              {
                "bottom": 0,
                "left": 0,
                "opacity": 1,
                "position": "absolute",
                "right": 0,
                "top": 0,
                "zIndex": 0,
              }
            }
          >
            <View
              collapsable={false}
              style={
                {
                  "backgroundColor": "#FFFFFF",
                  "borderBottomColor": "rgb(216, 216, 216)",
                  "flex": 1,
                  "shadowColor": "rgb(216, 216, 216)",
                  "shadowOffset": {
                    "height": 0.5,
                    "width": 0,
                  },
                  "shadowOpacity": 0.85,
                  "shadowRadius": 0,
                }
              }
            />
          </View>
          <View
            collapsable={false}
            pointerEvents="box-none"
            style={
              {
                "height": 44,
                "maxHeight": undefined,
                "minHeight": undefined,
                "opacity": undefined,
                "transform": undefined,
              }
            }
          >
            <View
              pointerEvents="none"
              style={
                {
                  "height": 0,
                }
              }
            />
            <View
              pointerEvents="box-none"
              style={
                {
                  "alignItems": "stretch",
                  "flex": 1,
                  "flexDirection": "row",
                }
              }
            >
              <View
                collapsable={false}
                pointerEvents="box-none"
                style={
                  {
                    "alignItems": "flex-start",
                    "flexBasis": 0,
                    "flexGrow": 1,
                    "justifyContent": "center",
                    "marginStart": 0,
                    "opacity": 1,
                  }
                }
              />
              <View
                collapsable={false}
                pointerEvents="box-none"
                style={
                  {
                    "justifyContent": "center",
                    "marginHorizontal": 16,
                    "maxWidth": 718,
                    "opacity": 1,
                  }
                }
              >
                <Text
                  accessibilityRole="header"
                  aria-level="1"
                  collapsable={false}
                  numberOfLines={1}
                  onLayout={[Function]}
                  style={
                    {
                      "color": "rgb(28, 28, 30)",
                      "fontSize": 17,
                      "fontWeight": "600",
                    }
                  }
                >
                  SERVICES_HOME
                </Text>
              </View>
              <View
                collapsable={false}
                pointerEvents="box-none"
                style={
                  {
                    "alignItems": "flex-end",
                    "flexBasis": 0,
                    "flexGrow": 1,
                    "justifyContent": "center",
                    "marginEnd": 0,
                    "opacity": 1,
                  }
                }
              />
            </View>
          </View>
        </View>
      </View>
      <RNSScreenContainer
        onLayout={[Function]}
        style={
          {
            "flex": 1,
          }
        }
      >
        <RNSScreen
          activityState={2}
          collapsable={false}
          gestureResponseDistance={
            {
              "bottom": -1,
              "end": -1,
              "start": -1,
              "top": -1,
            }
          }
          onGestureCancel={[Function]}
          pointerEvents="box-none"
          sheetAllowedDetents="large"
          sheetCornerRadius={-1}
          sheetExpandsWhenScrolledToEdge={true}
          sheetGrabberVisible={false}
          sheetLargestUndimmedDetent="all"
          style={
            {
              "bottom": 0,
              "left": 0,
              "position": "absolute",
              "right": 0,
              "top": 0,
            }
          }
        >
          <View
            collapsable={false}
            style={
              {
                "opacity": 1,
              }
            }
          />
          <View
            accessibilityElementsHidden={false}
            closing={false}
            gestureVelocityImpact={0.3}
            importantForAccessibility="auto"
            onClose={[Function]}
            onGestureBegin={[Function]}
            onGestureCanceled={[Function]}
            onGestureEnd={[Function]}
            onOpen={[Function]}
            onTransition={[Function]}
            pointerEvents="box-none"
            style={
              [
                {
                  "display": "flex",
                  "overflow": undefined,
                },
                {
                  "bottom": 0,
                  "left": 0,
                  "position": "absolute",
                  "right": 0,
                  "top": 0,
                },
              ]
            }
            transitionSpec={
              {
                "close": {
                  "animation": "spring",
                  "config": {
                    "damping": 500,
                    "mass": 3,
                    "overshootClamping": true,
                    "restDisplacementThreshold": 10,
                    "restSpeedThreshold": 10,
                    "stiffness": 1000,
                  },
                },
                "open": {
                  "animation": "spring",
                  "config": {
                    "damping": 500,
                    "mass": 3,
                    "overshootClamping": true,
                    "restDisplacementThreshold": 10,
                    "restSpeedThreshold": 10,
                    "stiffness": 1000,
                  },
                },
              }
            }
          >
            <View
              collapsable={false}
              pointerEvents="box-none"
              style={
                {
                  "flex": 1,
                }
              }
            >
              <View
                collapsable={false}
                handlerTag={1}
                handlerType="PanGestureHandler"
                needsOffscreenAlphaCompositing={false}
                onGestureHandlerEvent={[Function]}
                onGestureHandlerStateChange={[Function]}
                style={
                  {
                    "flex": 1,
                    "transform": [
                      {
                        "translateX": 0,
                      },
                      {
                        "translateX": 0,
                      },
                    ],
                  }
                }
              >
                <View
                  pointerEvents="box-none"
                  style={
                    [
                      {
                        "flex": 1,
                        "overflow": "hidden",
                      },
                      [
                        {
                          "backgroundColor": "#FFFFFF",
                        },
                        undefined,
                      ],
                    ]
                  }
                >
                  <View
                    style={
                      {
                        "flex": 1,
                        "flexDirection": "column-reverse",
                      }
                    }
                  >
                    <View
                      style={
                        {
                          "flex": 1,
                        }
                      }
                    >
                      <View
                        accessibilityLabel="### Accessibility Label ###"
                        accessibilityState={
                          {
                            "busy": undefined,
                            "checked": undefined,
                            "disabled": undefined,
                            "expanded": undefined,
                            "selected": undefined,
                          }
                        }
                        accessibilityValue={
                          {
                            "max": undefined,
                            "min": undefined,
                            "now": undefined,
                            "text": undefined,
                          }
                        }
                        accessible={true}
                        collapsable={false}
                        focusable={true}
                        onBlur={[Function]}
                        onClick={[Function]}
                        onFocus={[Function]}
                        onResponderGrant={[Function]}
                        onResponderMove={[Function]}
                        onResponderRelease={[Function]}
                        onResponderTerminate={[Function]}
                        onResponderTerminationRequest={[Function]}
                        onStartShouldSetResponder={[Function]}
                        onTouchEnd={[Function]}
                        style={
                          {
                            "flexGrow": 1,
                          }
                        }
                        testID="FeaturedInstitutionCardTestID-pressable"
                      >
                        <View
                          style={
                            [
                              {
                                "transform": [
                                  {
                                    "scale": undefined,
                                  },
                                ],
                              },
                              {
                                "flexGrow": 1,
                              },
                            ]
                          }
                        >
                          <View
                            style={
                              [
                                {
                                  "alignItems": "center",
                                  "backgroundColor": "#F4F5F8",
                                  "borderColor": "#E8EBF1",
                                  "borderCurve": "continuous",
                                  "borderRadius": 8,
                                  "borderWidth": 1,
                                  "flexDirection": "row",
                                  "height": 72,
                                  "paddingHorizontal": 12,
                                  "width": 702,
                                },
                                undefined,
                              ]
                            }
                            testID="FeaturedInstitutionCardTestID"
                          >
                            <View
                              style={
                                {
                                  "alignItems": "center",
                                  "flexDirection": "row",
                                }
                              }
                            >
                              <View
                                style={
                                  {
                                    "marginRight": 8,
                                  }
                                }
                              >
                                <View
                                  accessibilityIgnoresInvertColors={true}
                                  style={
                                    [
                                      {
                                        "borderColor": "rgba(14,15,19,0.1)",
                                        "borderCurve": "continuous",
                                        "borderWidth": 1,
                                        "overflow": "hidden",
                                      },
                                      {
                                        "backgroundColor": "#FFFFFF",
                                        "borderRadius": 8,
                                        "height": 44,
                                        "padding": 6,
                                        "width": 44,
                                      },
                                    ]
                                  }
                                >
                                  <View
                                    style={
                                      [
                                        {
                                          "backgroundColor": "#FFFFFF",
                                          "borderCurve": "continuous",
                                          "overflow": "hidden",
                                        },
                                        {
                                          "borderRadius": 2,
                                        },
                                      ]
                                    }
                                  >
                                    <Image
                                      accessibilityIgnoresInvertColors={true}
                                      onError={[Function]}
                                      source={
                                        {
                                          "uri": "https://assets.cdn.io.pagopa.it/logos/organizations/1.png",
                                        }
                                      }
                                      style={
                                        {
                                          "height": "100%",
                                          "resizeMode": "contain",
                                          "width": "100%",
                                        }
                                      }
                                    />
                                  </View>
                                </View>
                              </View>
                              <View
                                style={
                                  {
                                    "flexGrow": 1,
                                    "flexShrink": 1,
                                  }
                                }
                              >
                                <Text
                                  allowFontScaling={false}
                                  color="hanPurple-850"
                                  defaultColor="black"
                                  defaultWeight="Semibold"
                                  dynamicTypeRamp="headline"
                                  font="TitilliumSansPro"
                                  fontStyle={
                                    {
                                      "fontSize": 18,
                                      "lineHeight": 25,
                                    }
                                  }
                                  lineBreakMode="head"
                                  maxFontSizeMultiplier={1.25}
                                  numberOfLines={2}
                                  style={
                                    [
                                      {
                                        "fontSize": 18,
                                        "lineHeight": 25,
                                      },
                                      {
                                        "color": "#1A0744",
                                        "fontFamily": "Titillium Sans Pro",
                                        "fontStyle": "normal",
                                        "fontWeight": "600",
                                      },
                                    ]
                                  }
                                  weight="Semibold"
                                >
                                  ### Institution ###
                                </Text>
                              </View>
                            </View>
                          </View>
                        </View>
                      </View>
                    </View>
                  </View>
                </View>
              </View>
            </View>
          </View>
        </RNSScreen>
      </RNSScreenContainer>
    </View>
  </RNCSafeAreaProvider>
</View>
`;

exports[`FeaturedInstitutionCard should match the snapshot when isNew is true 1`] = `
<View
  style={
    {
      "flex": 1,
    }
  }
>
  <RNCSafeAreaProvider
    onInsetsChange={[Function]}
    style={
      [
        {
          "flex": 1,
        },
        undefined,
      ]
    }
  >
    <View
      style={
        [
          {
            "backgroundColor": "#FFFFFF",
            "flex": 1,
          },
          undefined,
        ]
      }
    >
      <View
        collapsable={false}
        pointerEvents="box-none"
        style={
          {
            "zIndex": 1,
          }
        }
      >
        <View
          accessibilityElementsHidden={false}
          importantForAccessibility="auto"
          onLayout={[Function]}
          pointerEvents="box-none"
          style={null}
        >
          <View
            collapsable={false}
            pointerEvents="box-none"
            style={
              {
                "bottom": 0,
                "left": 0,
                "opacity": 1,
                "position": "absolute",
                "right": 0,
                "top": 0,
                "zIndex": 0,
              }
            }
          >
            <View
              collapsable={false}
              style={
                {
                  "backgroundColor": "#FFFFFF",
                  "borderBottomColor": "rgb(216, 216, 216)",
                  "flex": 1,
                  "shadowColor": "rgb(216, 216, 216)",
                  "shadowOffset": {
                    "height": 0.5,
                    "width": 0,
                  },
                  "shadowOpacity": 0.85,
                  "shadowRadius": 0,
                }
              }
            />
          </View>
          <View
            collapsable={false}
            pointerEvents="box-none"
            style={
              {
                "height": 44,
                "maxHeight": undefined,
                "minHeight": undefined,
                "opacity": undefined,
                "transform": undefined,
              }
            }
          >
            <View
              pointerEvents="none"
              style={
                {
                  "height": 0,
                }
              }
            />
            <View
              pointerEvents="box-none"
              style={
                {
                  "alignItems": "stretch",
                  "flex": 1,
                  "flexDirection": "row",
                }
              }
            >
              <View
                collapsable={false}
                pointerEvents="box-none"
                style={
                  {
                    "alignItems": "flex-start",
                    "flexBasis": 0,
                    "flexGrow": 1,
                    "justifyContent": "center",
                    "marginStart": 0,
                    "opacity": 1,
                  }
                }
              />
              <View
                collapsable={false}
                pointerEvents="box-none"
                style={
                  {
                    "justifyContent": "center",
                    "marginHorizontal": 16,
                    "maxWidth": 718,
                    "opacity": 1,
                  }
                }
              >
                <Text
                  accessibilityRole="header"
                  aria-level="1"
                  collapsable={false}
                  numberOfLines={1}
                  onLayout={[Function]}
                  style={
                    {
                      "color": "rgb(28, 28, 30)",
                      "fontSize": 17,
                      "fontWeight": "600",
                    }
                  }
                >
                  SERVICES_HOME
                </Text>
              </View>
              <View
                collapsable={false}
                pointerEvents="box-none"
                style={
                  {
                    "alignItems": "flex-end",
                    "flexBasis": 0,
                    "flexGrow": 1,
                    "justifyContent": "center",
                    "marginEnd": 0,
                    "opacity": 1,
                  }
                }
              />
            </View>
          </View>
        </View>
      </View>
      <RNSScreenContainer
        onLayout={[Function]}
        style={
          {
            "flex": 1,
          }
        }
      >
        <RNSScreen
          activityState={2}
          collapsable={false}
          gestureResponseDistance={
            {
              "bottom": -1,
              "end": -1,
              "start": -1,
              "top": -1,
            }
          }
          onGestureCancel={[Function]}
          pointerEvents="box-none"
          sheetAllowedDetents="large"
          sheetCornerRadius={-1}
          sheetExpandsWhenScrolledToEdge={true}
          sheetGrabberVisible={false}
          sheetLargestUndimmedDetent="all"
          style={
            {
              "bottom": 0,
              "left": 0,
              "position": "absolute",
              "right": 0,
              "top": 0,
            }
          }
        >
          <View
            collapsable={false}
            style={
              {
                "opacity": 1,
              }
            }
          />
          <View
            accessibilityElementsHidden={false}
            closing={false}
            gestureVelocityImpact={0.3}
            importantForAccessibility="auto"
            onClose={[Function]}
            onGestureBegin={[Function]}
            onGestureCanceled={[Function]}
            onGestureEnd={[Function]}
            onOpen={[Function]}
            onTransition={[Function]}
            pointerEvents="box-none"
            style={
              [
                {
                  "display": "flex",
                  "overflow": undefined,
                },
                {
                  "bottom": 0,
                  "left": 0,
                  "position": "absolute",
                  "right": 0,
                  "top": 0,
                },
              ]
            }
            transitionSpec={
              {
                "close": {
                  "animation": "spring",
                  "config": {
                    "damping": 500,
                    "mass": 3,
                    "overshootClamping": true,
                    "restDisplacementThreshold": 10,
                    "restSpeedThreshold": 10,
                    "stiffness": 1000,
                  },
                },
                "open": {
                  "animation": "spring",
                  "config": {
                    "damping": 500,
                    "mass": 3,
                    "overshootClamping": true,
                    "restDisplacementThreshold": 10,
                    "restSpeedThreshold": 10,
                    "stiffness": 1000,
                  },
                },
              }
            }
          >
            <View
              collapsable={false}
              pointerEvents="box-none"
              style={
                {
                  "flex": 1,
                }
              }
            >
              <View
                collapsable={false}
                handlerTag={3}
                handlerType="PanGestureHandler"
                needsOffscreenAlphaCompositing={false}
                onGestureHandlerEvent={[Function]}
                onGestureHandlerStateChange={[Function]}
                style={
                  {
                    "flex": 1,
                    "transform": [
                      {
                        "translateX": 0,
                      },
                      {
                        "translateX": 0,
                      },
                    ],
                  }
                }
              >
                <View
                  pointerEvents="box-none"
                  style={
                    [
                      {
                        "flex": 1,
                        "overflow": "hidden",
                      },
                      [
                        {
                          "backgroundColor": "#FFFFFF",
                        },
                        undefined,
                      ],
                    ]
                  }
                >
                  <View
                    style={
                      {
                        "flex": 1,
                        "flexDirection": "column-reverse",
                      }
                    }
                  >
                    <View
                      style={
                        {
                          "flex": 1,
                        }
                      }
                    >
                      <View
                        accessibilityLabel="### Accessibility Label ###"
                        accessibilityState={
                          {
                            "busy": undefined,
                            "checked": undefined,
                            "disabled": undefined,
                            "expanded": undefined,
                            "selected": undefined,
                          }
                        }
                        accessibilityValue={
                          {
                            "max": undefined,
                            "min": undefined,
                            "now": undefined,
                            "text": undefined,
                          }
                        }
                        accessible={true}
                        collapsable={false}
                        focusable={true}
                        onBlur={[Function]}
                        onClick={[Function]}
                        onFocus={[Function]}
                        onResponderGrant={[Function]}
                        onResponderMove={[Function]}
                        onResponderRelease={[Function]}
                        onResponderTerminate={[Function]}
                        onResponderTerminationRequest={[Function]}
                        onStartShouldSetResponder={[Function]}
                        onTouchEnd={[Function]}
                        style={
                          {
                            "flexGrow": 1,
                          }
                        }
                        testID="FeaturedInstitutionCardTestID-pressable"
                      >
                        <View
                          style={
                            [
                              {
                                "transform": [
                                  {
                                    "scale": undefined,
                                  },
                                ],
                              },
                              {
                                "flexGrow": 1,
                              },
                            ]
                          }
                        >
                          <View
                            style={
                              [
                                {
                                  "alignItems": "center",
                                  "backgroundColor": "#F4F5F8",
                                  "borderColor": "#E8EBF1",
                                  "borderCurve": "continuous",
                                  "borderRadius": 8,
                                  "borderWidth": 1,
                                  "flexDirection": "row",
                                  "height": 72,
                                  "paddingHorizontal": 12,
                                  "width": 702,
                                },
                                {
                                  "backgroundColor": "#EEE8FC",
                                  "borderColor": "#DDD1F9",
                                },
                              ]
                            }
                            testID="FeaturedInstitutionCardTestID"
                          >
                            <View
                              style={
                                {
                                  "alignItems": "center",
                                  "flexDirection": "row",
                                }
                              }
                            >
                              <View
                                style={
                                  {
                                    "marginRight": 8,
                                  }
                                }
                              >
                                <View
                                  accessibilityIgnoresInvertColors={true}
                                  style={
                                    [
                                      {
                                        "borderColor": "rgba(14,15,19,0.1)",
                                        "borderCurve": "continuous",
                                        "borderWidth": 1,
                                        "overflow": "hidden",
                                      },
                                      {
                                        "backgroundColor": "#FFFFFF",
                                        "borderRadius": 8,
                                        "height": 44,
                                        "padding": 6,
                                        "width": 44,
                                      },
                                    ]
                                  }
                                >
                                  <View
                                    style={
                                      [
                                        {
                                          "backgroundColor": "#FFFFFF",
                                          "borderCurve": "continuous",
                                          "overflow": "hidden",
                                        },
                                        {
                                          "borderRadius": 2,
                                        },
                                      ]
                                    }
                                  >
                                    <Image
                                      accessibilityIgnoresInvertColors={true}
                                      onError={[Function]}
                                      source={
                                        {
                                          "uri": "https://assets.cdn.io.pagopa.it/logos/organizations/1.png",
                                        }
                                      }
                                      style={
                                        {
                                          "height": "100%",
                                          "resizeMode": "contain",
                                          "width": "100%",
                                        }
                                      }
                                    />
                                  </View>
                                </View>
                              </View>
                              <View
                                style={
                                  {
                                    "flexGrow": 1,
                                    "flexShrink": 1,
                                  }
                                }
                              >
                                <Text
                                  allowFontScaling={false}
                                  color="hanPurple-850"
                                  defaultColor="black"
                                  defaultWeight="Semibold"
                                  dynamicTypeRamp="headline"
                                  font="TitilliumSansPro"
                                  fontStyle={
                                    {
                                      "fontSize": 18,
                                      "lineHeight": 25,
                                    }
                                  }
                                  lineBreakMode="head"
                                  maxFontSizeMultiplier={1.25}
                                  numberOfLines={2}
                                  style={
                                    [
                                      {
                                        "fontSize": 18,
                                        "lineHeight": 25,
                                      },
                                      {
                                        "color": "#1A0744",
                                        "fontFamily": "Titillium Sans Pro",
                                        "fontStyle": "normal",
                                        "fontWeight": "600",
                                      },
                                    ]
                                  }
                                  weight="Semibold"
                                >
                                  ### Institution ###
                                </Text>
                              </View>
                            </View>
                          </View>
                        </View>
                      </View>
                    </View>
                  </View>
                </View>
              </View>
            </View>
          </View>
        </RNSScreen>
      </RNSScreenContainer>
    </View>
  </RNCSafeAreaProvider>
</View>
`;
