// Jest Snapshot v1, https://goo.gl/fbAQLP

exports[`DSIOListViewWithLargeHeader should render list items correctly 1`] = `null`;
