// Jest Snapshot v1, https://goo.gl/fbAQLP

exports[`userBehaviourReducer Should match snapshot 1`] = `
{
  "engagementScreenShown": false,
}
`;
