// Jest Snapshot v1, https://goo.gl/fbAQLP

exports[`IdpLoginScreen should match snapshots 1`] = `[Function]`;
