// Jest Snapshot v1, https://goo.gl/fbAQLP

exports[`ItwCredentialCard should match snapshot when status is "expired" 1`] = `
<View
  style={false}
>
  <View
    style={
      {
        "aspectRatio": 1.6,
        "borderRadius": 8,
        "overflow": "hidden",
      }
    }
  >
    <View
      style={
        {
          "backgroundColor": "#E8EBF1",
          "bottom": 0,
          "left": 0,
          "position": "absolute",
          "right": 0,
          "top": 0,
        }
      }
    >
      <Image
        accessibilityIgnoresInvertColors={false}
        onLoad={[Function]}
        source={
          {
            "testUri": "../../../img/features/itWallet/cards/eid_off.png",
          }
        }
        style={
          [
            {
              "opacity": 0,
            },
            {
              "height": "100%",
              "width": "100%",
            },
          ]
        }
      />
    </View>
    <View
      style={
        {
          "paddingHorizontal": 16,
          "paddingTop": 14,
        }
      }
    >
      <View
        style={
          {
            "alignItems": "center",
            "display": "flex",
            "flexDirection": "row",
            "justifyContent": "space-between",
          }
        }
      >
        <Text
          allowFontScaling={false}
          color="grey-700"
          defaultColor="bluegrey"
          defaultWeight="Regular"
          dynamicTypeRamp="body"
          font="TitilliumSansPro"
          fontStyle={
            {
              "fontSize": 16,
              "lineHeight": 24,
            }
          }
          maxFontSizeMultiplier={1.25}
          numberOfLines={2}
          style={
            [
              {
                "flex": 1,
              },
              {
                "fontSize": 16,
                "lineHeight": 24,
              },
              {
                "color": "#555C70",
                "fontFamily": "Titillium Sans Pro",
                "fontStyle": "normal",
                "fontWeight": "600",
              },
            ]
          }
          weight="Semibold"
        >
          IDENTITÃ€ DIGITALE
        </Text>
        <View
          style={
            {
              "width": 16,
            }
          }
        />
        <View
          style={
            {
              "alignItems": "center",
              "alignSelf": "flex-start",
              "backgroundColor": "#FFFFFF",
              "borderColor": "#E8EBF1",
              "borderCurve": "continuous",
              "borderRadius": 6,
              "borderWidth": 1,
              "flexDirection": "row",
              "justifyContent": "center",
              "paddingHorizontal": 8,
              "paddingVertical": 6,
            }
          }
        >
          <View
            style={
              {
                "flexShrink": 1,
              }
            }
          >
            <RNSVGSvgView
              accessibilityElementsHidden={true}
              accessibilityLabel=""
              accessible={false}
              align="xMidYMid"
              bbHeight={16}
              bbWidth={16}
              focusable={false}
              height={16}
              importantForAccessibility="no-hide-descendants"
              meetOrSlice={0}
              minX={0}
              minY={0}
              style={
                [
                  {
                    "backgroundColor": "transparent",
                    "borderWidth": 0,
                  },
                  {
                    "color": "#D13333",
                  },
                  {
                    "flex": 0,
                    "height": 16,
                    "width": 16,
                  },
                ]
              }
              tintColor="#D13333"
              vbHeight={24}
              vbWidth={24}
              width={16}
            >
              <RNSVGGroup
                fill={
                  {
                    "payload": 4278190080,
                    "type": 0,
                  }
                }
              >
                <RNSVGPath
                  clipRule={0}
                  d="M7.00702 1c-.73494 0-1.41405.39209-1.78152 1.02856L.2756 11.0274c-.36747.6365-.36747 1.4206 0 2.0571l4.9499 8.8783c.36747.6365 1.04658 1.0286 1.78152 1.0286h9.94288c.7349 0 1.414-.3921 1.7815-1.0286l4.993-8.8783c.3675-.6365.3675-1.4206 0-2.0571l-4.993-8.99884C18.3639 1.39209 17.6848 1 16.9499 1H7.00702Zm5.02608 13.5549c.5676 0 1.0283-.4601 1.0283-1.0277V5.52583c0-.56758-.4601-1.02769-1.0277-1.02769-.5676 0-1.0282.46011-1.0282 1.02769v8.00137c0 .5676.4601 1.0277 1.0276 1.0277Zm0 1.9431c.8436 0 1.5275.6839 1.5275 1.5275 0 .8436-.6839 1.5275-1.5275 1.5275-.8436 0-1.5274-.6839-1.5274-1.5275 0-.8436.6838-1.5275 1.5274-1.5275Z"
                  fill={
                    {
                      "type": 2,
                    }
                  }
                  fillRule={0}
                  propList={
                    [
                      "fill",
                      "fillRule",
                    ]
                  }
                />
              </RNSVGGroup>
            </RNSVGSvgView>
          </View>
          <View
            style={
              {
                "width": 6,
              }
            }
          />
          <Text
            ellipsizeMode="tail"
            numberOfLines={1}
            style={
              [
                {
                  "alignSelf": "center",
                  "color": "#555C70",
                  "flexShrink": 1,
                  "fontSize": 12,
                  "lineHeight": 16,
                  "textTransform": "uppercase",
                },
                {
                  "fontFamily": "Titillium Sans Pro",
                  "fontStyle": "normal",
                  "fontWeight": "600",
                },
              ]
            }
          >
            Non valida
          </Text>
        </View>
      </View>
    </View>
    <View
      style={
        {
          "bottom": 16,
          "position": "absolute",
          "right": -10,
        }
      }
    >
      <View
        accessible={true}
        style={
          [
            {
              "alignItems": "center",
              "borderCurve": "continuous",
              "borderRadius": 24,
              "flexDirection": "row",
              "justifyContent": "center",
              "paddingHorizontal": 8,
              "paddingVertical": 4,
            },
            {
              "backgroundColor": "#F4F5F8",
            },
          ]
        }
      >
        <Text
          accessibilityLabel="Versione digitale   "
          accessibilityRole="text"
          allowFontScaling={false}
          ellipsizeMode="tail"
          importantForAccessibility="yes"
          maxFontSizeMultiplier={1.25}
          numberOfLines={1}
          style={
            [
              {
                "alignSelf": "center",
                "flexShrink": 1,
                "fontSize": 12,
                "lineHeight": 16,
                "textTransform": "uppercase",
              },
              {
                "fontFamily": "Titillium Sans Pro",
                "fontStyle": "normal",
                "fontWeight": "600",
              },
              {
                "color": "#555C70",
              },
            ]
          }
        >
          Versione digitale   
        </Text>
      </View>
    </View>
    <View
      style={
        [
          {
            "borderColor": "transparent",
            "borderLeftWidth": 9,
            "borderRadius": 8,
            "borderWidth": 1,
            "bottom": 0,
            "left": 0,
            "position": "absolute",
            "right": 0,
            "top": 0,
          },
          {
            "borderColor": "#D13333",
          },
        ]
      }
    />
  </View>
</View>
`;

exports[`ItwCredentialCard should match snapshot when status is "expiring" 1`] = `
<View
  style={false}
>
  <View
    style={
      {
        "aspectRatio": 1.6,
        "borderRadius": 8,
        "overflow": "hidden",
      }
    }
  >
    <View
      style={
        {
          "backgroundColor": "#E8EBF1",
          "bottom": 0,
          "left": 0,
          "position": "absolute",
          "right": 0,
          "top": 0,
        }
      }
    >
      <Image
        accessibilityIgnoresInvertColors={false}
        onLoad={[Function]}
        source={
          {
            "testUri": "../../../img/features/itWallet/cards/eid_off.png",
          }
        }
        style={
          [
            {
              "opacity": 0,
            },
            {
              "height": "100%",
              "width": "100%",
            },
          ]
        }
      />
    </View>
    <View
      style={
        {
          "paddingHorizontal": 16,
          "paddingTop": 14,
        }
      }
    >
      <View
        style={
          {
            "alignItems": "center",
            "display": "flex",
            "flexDirection": "row",
            "justifyContent": "space-between",
          }
        }
      >
        <Text
          allowFontScaling={false}
          color="grey-700"
          defaultColor="bluegrey"
          defaultWeight="Regular"
          dynamicTypeRamp="body"
          font="TitilliumSansPro"
          fontStyle={
            {
              "fontSize": 16,
              "lineHeight": 24,
            }
          }
          maxFontSizeMultiplier={1.25}
          numberOfLines={2}
          style={
            [
              {
                "flex": 1,
              },
              {
                "fontSize": 16,
                "lineHeight": 24,
              },
              {
                "color": "#555C70",
                "fontFamily": "Titillium Sans Pro",
                "fontStyle": "normal",
                "fontWeight": "600",
              },
            ]
          }
          weight="Semibold"
        >
          IDENTITÃ€ DIGITALE
        </Text>
        <View
          style={
            {
              "width": 16,
            }
          }
        />
        <View
          style={
            {
              "alignItems": "center",
              "alignSelf": "flex-start",
              "backgroundColor": "#FFFFFF",
              "borderColor": "#E8EBF1",
              "borderCurve": "continuous",
              "borderRadius": 6,
              "borderWidth": 1,
              "flexDirection": "row",
              "justifyContent": "center",
              "paddingHorizontal": 8,
              "paddingVertical": 6,
            }
          }
        >
          <View
            style={
              {
                "flexShrink": 1,
              }
            }
          >
            <RNSVGSvgView
              accessibilityElementsHidden={true}
              accessibilityLabel=""
              accessible={false}
              align="xMidYMid"
              bbHeight={16}
              bbWidth={16}
              focusable={false}
              height={16}
              importantForAccessibility="no-hide-descendants"
              meetOrSlice={0}
              minX={0}
              minY={0}
              style={
                [
                  {
                    "backgroundColor": "transparent",
                    "borderWidth": 0,
                  },
                  {
                    "color": "#A5822A",
                  },
                  {
                    "flex": 0,
                    "height": 16,
                    "width": 16,
                  },
                ]
              }
              tintColor="#A5822A"
              vbHeight={24}
              vbWidth={24}
              width={16}
            >
              <RNSVGGroup
                fill={
                  {
                    "payload": 4278190080,
                    "type": 0,
                  }
                }
              >
                <RNSVGPath
                  clipRule={0}
                  d="m15.523 3.047 7.926 13.813c1.566 2.73-.392 6.14-3.523 6.14H4.074C.942 23-1.015 19.59.55 16.86L8.477 3.047c1.566-2.73 5.48-2.73 7.046 0Zm-3.495 13.458a1.528 1.528 0 1 1 0 3.056 1.528 1.528 0 0 1 0-3.056Zm0-1.944c.568 0 1.029-.46 1.029-1.028V5.528a1.028 1.028 0 0 0-2.057 0v8.005c0 .567.46 1.028 1.029 1.028Z"
                  fill={
                    {
                      "type": 2,
                    }
                  }
                  fillRule={0}
                  propList={
                    [
                      "fill",
                      "fillRule",
                    ]
                  }
                />
              </RNSVGGroup>
            </RNSVGSvgView>
          </View>
          <View
            style={
              {
                "width": 6,
              }
            }
          />
          <Text
            ellipsizeMode="tail"
            numberOfLines={1}
            style={
              [
                {
                  "alignSelf": "center",
                  "color": "#555C70",
                  "flexShrink": 1,
                  "fontSize": 12,
                  "lineHeight": 16,
                  "textTransform": "uppercase",
                },
                {
                  "fontFamily": "Titillium Sans Pro",
                  "fontStyle": "normal",
                  "fontWeight": "600",
                },
              ]
            }
          >
            In scadenza
          </Text>
        </View>
      </View>
    </View>
    <View
      style={
        {
          "bottom": 16,
          "position": "absolute",
          "right": -10,
        }
      }
    >
      <View
        accessible={true}
        style={
          [
            {
              "alignItems": "center",
              "borderCurve": "continuous",
              "borderRadius": 24,
              "flexDirection": "row",
              "justifyContent": "center",
              "paddingHorizontal": 8,
              "paddingVertical": 4,
            },
            {
              "backgroundColor": "#F4F5F8",
            },
          ]
        }
      >
        <Text
          accessibilityLabel="Versione digitale   "
          accessibilityRole="text"
          allowFontScaling={false}
          ellipsizeMode="tail"
          importantForAccessibility="yes"
          maxFontSizeMultiplier={1.25}
          numberOfLines={1}
          style={
            [
              {
                "alignSelf": "center",
                "flexShrink": 1,
                "fontSize": 12,
                "lineHeight": 16,
                "textTransform": "uppercase",
              },
              {
                "fontFamily": "Titillium Sans Pro",
                "fontStyle": "normal",
                "fontWeight": "600",
              },
              {
                "color": "#555C70",
              },
            ]
          }
        >
          Versione digitale   
        </Text>
      </View>
    </View>
    <View
      style={
        [
          {
            "borderColor": "transparent",
            "borderLeftWidth": 9,
            "borderRadius": 8,
            "borderWidth": 1,
            "bottom": 0,
            "left": 0,
            "position": "absolute",
            "right": 0,
            "top": 0,
          },
          {
            "borderColor": "#A5822A",
          },
        ]
      }
    />
  </View>
</View>
`;

exports[`ItwCredentialCard should match snapshot when status is "pending" 1`] = `
<View
  style={false}
>
  <View
    style={
      {
        "aspectRatio": 1.6,
        "borderRadius": 8,
        "overflow": "hidden",
      }
    }
  >
    <View
      style={
        {
          "backgroundColor": "#E8EBF1",
          "bottom": 0,
          "left": 0,
          "position": "absolute",
          "right": 0,
          "top": 0,
        }
      }
    >
      <Image
        accessibilityIgnoresInvertColors={false}
        onLoad={[Function]}
        source={
          {
            "testUri": "../../../img/features/itWallet/cards/eid_off.png",
          }
        }
        style={
          [
            {
              "opacity": 0,
            },
            {
              "height": "100%",
              "width": "100%",
            },
          ]
        }
      />
    </View>
    <View
      style={
        {
          "paddingHorizontal": 16,
          "paddingTop": 14,
        }
      }
    >
      <View
        style={
          {
            "alignItems": "center",
            "display": "flex",
            "flexDirection": "row",
            "justifyContent": "space-between",
          }
        }
      >
        <Text
          allowFontScaling={false}
          color="grey-700"
          defaultColor="bluegrey"
          defaultWeight="Regular"
          dynamicTypeRamp="body"
          font="TitilliumSansPro"
          fontStyle={
            {
              "fontSize": 16,
              "lineHeight": 24,
            }
          }
          maxFontSizeMultiplier={1.25}
          numberOfLines={2}
          style={
            [
              {
                "flex": 1,
              },
              {
                "fontSize": 16,
                "lineHeight": 24,
              },
              {
                "color": "#555C70",
                "fontFamily": "Titillium Sans Pro",
                "fontStyle": "normal",
                "fontWeight": "600",
              },
            ]
          }
          weight="Semibold"
        >
          IDENTITÃ€ DIGITALE
        </Text>
        <View
          style={
            {
              "width": 16,
            }
          }
        />
        <View
          style={
            {
              "alignItems": "center",
              "alignSelf": "flex-start",
              "backgroundColor": "#FFFFFF",
              "borderColor": "#E8EBF1",
              "borderCurve": "continuous",
              "borderRadius": 6,
              "borderWidth": 1,
              "flexDirection": "row",
              "justifyContent": "center",
              "paddingHorizontal": 8,
              "paddingVertical": 6,
            }
          }
        >
          <View
            style={
              {
                "flexShrink": 1,
              }
            }
          >
            <RNSVGSvgView
              accessibilityElementsHidden={true}
              accessibilityLabel=""
              accessible={false}
              align="xMidYMid"
              bbHeight={16}
              bbWidth={16}
              focusable={false}
              height={16}
              importantForAccessibility="no-hide-descendants"
              meetOrSlice={0}
              minX={0}
              minY={0}
              style={
                [
                  {
                    "backgroundColor": "transparent",
                    "borderWidth": 0,
                  },
                  {
                    "color": "#418DAF",
                  },
                  {
                    "flex": 0,
                    "height": 16,
                    "width": 16,
                  },
                ]
              }
              tintColor="#418DAF"
              vbHeight={24}
              vbWidth={24}
              width={16}
            >
              <RNSVGGroup
                fill={
                  {
                    "payload": 4278190080,
                    "type": 0,
                  }
                }
              >
                <RNSVGPath
                  clipRule={0}
                  d="M12 0C5.373 0 0 5.373 0 12s5.373 12 12 12 12-5.373 12-12S18.627 0 12 0Zm.028 7.556a1.528 1.528 0 1 0 0-3.056 1.528 1.528 0 0 0 0 3.056Zm0 1.944c.568 0 1.029.46 1.029 1.028v8.005a1.028 1.028 0 0 1-2.057 0v-8.005c0-.568.46-1.028 1.029-1.028Z"
                  fill={
                    {
                      "type": 2,
                    }
                  }
                  fillRule={0}
                  propList={
                    [
                      "fill",
                      "fillRule",
                    ]
                  }
                />
              </RNSVGGroup>
            </RNSVGSvgView>
          </View>
          <View
            style={
              {
                "width": 6,
              }
            }
          />
          <Text
            ellipsizeMode="tail"
            numberOfLines={1}
            style={
              [
                {
                  "alignSelf": "center",
                  "color": "#555C70",
                  "flexShrink": 1,
                  "fontSize": 12,
                  "lineHeight": 16,
                  "textTransform": "uppercase",
                },
                {
                  "fontFamily": "Titillium Sans Pro",
                  "fontStyle": "normal",
                  "fontWeight": "600",
                },
              ]
            }
          >
            In lavorazione
          </Text>
        </View>
      </View>
    </View>
    <View
      style={
        {
          "bottom": 16,
          "position": "absolute",
          "right": -10,
        }
      }
    >
      <View
        accessible={true}
        style={
          [
            {
              "alignItems": "center",
              "borderCurve": "continuous",
              "borderRadius": 24,
              "flexDirection": "row",
              "justifyContent": "center",
              "paddingHorizontal": 8,
              "paddingVertical": 4,
            },
            {
              "backgroundColor": "#F4F5F8",
            },
          ]
        }
      >
        <Text
          accessibilityLabel="Versione digitale   "
          accessibilityRole="text"
          allowFontScaling={false}
          ellipsizeMode="tail"
          importantForAccessibility="yes"
          maxFontSizeMultiplier={1.25}
          numberOfLines={1}
          style={
            [
              {
                "alignSelf": "center",
                "flexShrink": 1,
                "fontSize": 12,
                "lineHeight": 16,
                "textTransform": "uppercase",
              },
              {
                "fontFamily": "Titillium Sans Pro",
                "fontStyle": "normal",
                "fontWeight": "600",
              },
              {
                "color": "#555C70",
              },
            ]
          }
        >
          Versione digitale   
        </Text>
      </View>
    </View>
    <View
      style={
        [
          {
            "borderColor": "transparent",
            "borderLeftWidth": 9,
            "borderRadius": 8,
            "borderWidth": 1,
            "bottom": 0,
            "left": 0,
            "position": "absolute",
            "right": 0,
            "top": 0,
          },
          {
            "borderColor": "#418DAF",
          },
        ]
      }
    />
  </View>
</View>
`;

exports[`ItwCredentialCard should match snapshot when status is "valid" 1`] = `
<View
  style={false}
>
  <View
    style={
      {
        "aspectRatio": 1.6,
        "borderRadius": 8,
        "overflow": "hidden",
      }
    }
  >
    <View
      style={
        {
          "backgroundColor": "#E8EBF1",
          "bottom": 0,
          "left": 0,
          "position": "absolute",
          "right": 0,
          "top": 0,
        }
      }
    >
      <Image
        accessibilityIgnoresInvertColors={false}
        onLoad={[Function]}
        source={
          {
            "testUri": "../../../img/features/itWallet/cards/eid.png",
          }
        }
        style={
          [
            {
              "opacity": 0,
            },
            {
              "height": "100%",
              "width": "100%",
            },
          ]
        }
      />
    </View>
    <View
      style={
        {
          "paddingHorizontal": 16,
          "paddingTop": 14,
        }
      }
    >
      <View
        style={
          {
            "alignItems": "center",
            "display": "flex",
            "flexDirection": "row",
            "justifyContent": "space-between",
          }
        }
      >
        <Text
          allowFontScaling={false}
          color="bluegreyDark"
          defaultColor="bluegrey"
          defaultWeight="Regular"
          dynamicTypeRamp="body"
          font="TitilliumSansPro"
          fontStyle={
            {
              "fontSize": 16,
              "lineHeight": 24,
            }
          }
          maxFontSizeMultiplier={1.25}
          numberOfLines={2}
          style={
            [
              {
                "flex": 1,
              },
              {
                "fontSize": 16,
                "lineHeight": 24,
              },
              {
                "color": "#17324D",
                "fontFamily": "Titillium Sans Pro",
                "fontStyle": "normal",
                "fontWeight": "600",
              },
            ]
          }
          weight="Semibold"
        >
          IDENTITÃ€ DIGITALE
        </Text>
      </View>
    </View>
    <View
      style={
        [
          {
            "borderColor": "transparent",
            "borderLeftWidth": 9,
            "borderRadius": 8,
            "borderWidth": 1,
            "bottom": 0,
            "left": 0,
            "position": "absolute",
            "right": 0,
            "top": 0,
          },
          {
            "borderColor": "transparent",
          },
        ]
      }
    />
  </View>
</View>
`;

exports[`ItwCredentialCard should render the preview 1`] = `
<View
  style={
    {
      "aspectRatio": 4.5,
      "overflow": "hidden",
    }
  }
>
  <View
    style={
      {
        "aspectRatio": 1.6,
        "borderRadius": 8,
        "overflow": "hidden",
      }
    }
  >
    <View
      style={
        {
          "backgroundColor": "#E8EBF1",
          "bottom": 0,
          "left": 0,
          "position": "absolute",
          "right": 0,
          "top": 0,
        }
      }
    >
      <Image
        accessibilityIgnoresInvertColors={false}
        onLoad={[Function]}
        source={
          {
            "testUri": "../../../img/features/itWallet/cards/eid.png",
          }
        }
        style={
          [
            {
              "opacity": 0,
            },
            {
              "height": "100%",
              "width": "100%",
            },
          ]
        }
      />
    </View>
    <View
      style={
        {
          "paddingHorizontal": 16,
          "paddingTop": 14,
        }
      }
    >
      <View
        style={
          {
            "alignItems": "center",
            "display": "flex",
            "flexDirection": "row",
            "justifyContent": "space-between",
          }
        }
      >
        <Text
          allowFontScaling={false}
          color="bluegreyDark"
          defaultColor="bluegrey"
          defaultWeight="Regular"
          dynamicTypeRamp="body"
          font="TitilliumSansPro"
          fontStyle={
            {
              "fontSize": 16,
              "lineHeight": 24,
            }
          }
          maxFontSizeMultiplier={1.25}
          numberOfLines={2}
          style={
            [
              {
                "flex": 1,
              },
              {
                "fontSize": 16,
                "lineHeight": 24,
              },
              {
                "color": "#17324D",
                "fontFamily": "Titillium Sans Pro",
                "fontStyle": "normal",
                "fontWeight": "600",
              },
            ]
          }
          weight="Semibold"
        >
          IDENTITÃ€ DIGITALE
        </Text>
      </View>
    </View>
    <View
      style={
        [
          {
            "borderColor": "transparent",
            "borderLeftWidth": 9,
            "borderRadius": 8,
            "borderWidth": 1,
            "bottom": 0,
            "left": 0,
            "position": "absolute",
            "right": 0,
            "top": 0,
          },
          {
            "borderColor": "transparent",
          },
        ]
      }
    />
  </View>
</View>
`;
