// Jest Snapshot v1, https://goo.gl/fbAQLP

exports[`ItwSmallText should match snapshot 1`] = `
<View
  style={Object {}}
>
  <Text
    allowFontScaling={false}
    color="bluegrey"
    defaultColor="blue"
    defaultWeight="Bold"
    font="TitilliumSansPro"
    fontStyle={
      Object {
        "fontSize": 14,
        "lineHeight": 21,
      }
    }
    style={
      Array [
        Object {
          "fontSize": 14,
          "lineHeight": 21,
        },
        Object {
          "color": "#475A6D",
          "fontFamily": "Titillium Sans Pro",
          "fontStyle": "normal",
          "fontWeight": "400",
        },
      ]
    }
    testID="itwSmallTextParagraph"
    weight="Regular"
  >
    <Text
      style={Object {}}
    >
      <Text
        style={
          Array [
            Object {},
            Object {},
          ]
        }
      >
        Per maggiori informazioni, leggi l’
      </Text>
      <Text
        allowFontScaling={false}
        color="blue"
        defaultColor="blue"
        defaultWeight="Bold"
        font="TitilliumSansPro"
        fontStyle={
          Object {
            "fontSize": 14,
            "lineHeight": 21,
          }
        }
        numberOfLines={1}
        onPress={[Function]}
        style={
          Array [
            Object {
              "fontSize": 14,
              "lineHeight": 21,
            },
            Object {
              "color": "#0073E6",
              "fontFamily": "Titillium Sans Pro",
              "fontStyle": "normal",
              "fontWeight": "700",
            },
          ]
        }
        testID="itwSmallTextLink"
        weight="Bold"
      >
        <Text
          style={
            Array [
              Object {
                "textDecorationLine": "underline",
              },
              Object {},
            ]
          }
        >
          informativa Privacy
        </Text>
      </Text>
      <Text
        style={
          Array [
            Object {},
            Object {},
          ]
        }
      >
         e i 
      </Text>
      <Text
        allowFontScaling={false}
        color="blue"
        defaultColor="blue"
        defaultWeight="Bold"
        font="TitilliumSansPro"
        fontStyle={
          Object {
            "fontSize": 14,
            "lineHeight": 21,
          }
        }
        numberOfLines={1}
        onPress={[Function]}
        style={
          Array [
            Object {
              "fontSize": 14,
              "lineHeight": 21,
            },
            Object {
              "color": "#0073E6",
              "fontFamily": "Titillium Sans Pro",
              "fontStyle": "normal",
              "fontWeight": "700",
            },
          ]
        }
        testID="itwSmallTextLink"
        weight="Bold"
      >
        <Text
          style={
            Array [
              Object {
                "textDecorationLine": "underline",
              },
              Object {},
            ]
          }
        >
          Termini e Condizioni d’uso
        </Text>
      </Text>
    </Text>
  </Text>
</View>
`;
