// Jest Snapshot v1, https://goo.gl/fbAQLP

exports[`TosWebviewComponent The snapshot for the TosWebviewComponent Should render correctly with bottom footer and a basic placeholding HTML 1`] = `null`;
