// Jest Snapshot v1, https://goo.gl/fbAQLP

exports[`stateUtils snapshots flowStates 1`] = `
{
  "displayingAARToS": "displayingAARToS",
  "displayingNotificationData": "displayingNotificationData",
  "fetchingNotificationData": "fetchingNotificationData",
  "fetchingQRData": "fetchingQRData",
  "ko": "ko",
  "none": "none",
  "notAddresseeFinal": "notAddresseeFinal",
}
`;

exports[`stateUtils snapshots validTransitions 1`] = `
Map {
  "none" => Set {
    "displayingAARToS",
  },
  "displayingAARToS" => Set {
    "fetchingQRData",
  },
  "fetchingQRData" => Set {
    "fetchingNotificationData",
    "notAddresseeFinal",
    "ko",
  },
  "fetchingNotificationData" => Set {
    "displayingNotificationData",
    "ko",
  },
  "displayingNotificationData" => Set {},
  "notAddresseeFinal" => Set {},
  "ko" => Set {
    "fetchingQRData",
    "fetchingNotificationData",
  },
}
`;
