// Jest Snapshot v1, https://goo.gl/fbAQLP

exports[`PaymentCardSmall should match the snapshot 1`] = `
<View
  style={
    Object {
      "flex": 1,
    }
  }
>
  <RNCSafeAreaProvider
    onInsetsChange={[Function]}
    style={
      Array [
        Object {
          "flex": 1,
        },
        undefined,
      ]
    }
  >
    <View
      style={
        Array [
          Object {
            "backgroundColor": "#FFFFFF",
            "flex": 1,
          },
          undefined,
        ]
      }
    >
      <View
        collapsable={false}
        pointerEvents="box-none"
        style={
          Object {
            "zIndex": 1,
          }
        }
      >
        <View
          accessibilityElementsHidden={false}
          importantForAccessibility="auto"
          onLayout={[Function]}
          pointerEvents="box-none"
          style={null}
        >
          <View
            collapsable={false}
            pointerEvents="box-none"
            style={
              Object {
                "bottom": 0,
                "left": 0,
                "opacity": 1,
                "position": "absolute",
                "right": 0,
                "top": 0,
                "zIndex": 0,
              }
            }
          >
            <View
              collapsable={false}
              style={
                Object {
                  "backgroundColor": "#FFFFFF",
                  "borderBottomColor": "rgb(216, 216, 216)",
                  "flex": 1,
                  "shadowColor": "rgb(216, 216, 216)",
                  "shadowOffset": Object {
                    "height": 0.5,
                    "width": 0,
                  },
                  "shadowOpacity": 0.85,
                  "shadowRadius": 0,
                }
              }
            />
          </View>
          <View
            collapsable={false}
            pointerEvents="box-none"
            style={
              Object {
                "height": 44,
                "maxHeight": undefined,
                "minHeight": undefined,
                "opacity": undefined,
                "transform": undefined,
              }
            }
          >
            <View
              pointerEvents="none"
              style={
                Object {
                  "height": 0,
                }
              }
            />
            <View
              pointerEvents="box-none"
              style={
                Object {
                  "alignItems": "stretch",
                  "flex": 1,
                  "flexDirection": "row",
                }
              }
            >
              <View
                collapsable={false}
                pointerEvents="box-none"
                style={
                  Object {
                    "alignItems": "flex-start",
                    "flexBasis": 0,
                    "flexGrow": 1,
                    "justifyContent": "center",
                    "marginStart": 0,
                    "opacity": 1,
                  }
                }
              />
              <View
                collapsable={false}
                pointerEvents="box-none"
                style={
                  Object {
                    "justifyContent": "center",
                    "marginHorizontal": 16,
                    "maxWidth": 718,
                    "opacity": 1,
                  }
                }
              >
                <Text
                  accessibilityRole="header"
                  aria-level="1"
                  collapsable={false}
                  numberOfLines={1}
                  onLayout={[Function]}
                  style={
                    Object {
                      "color": "rgb(28, 28, 30)",
                      "fontSize": 17,
                      "fontWeight": "600",
                    }
                  }
                >
                  WALLET_HOME
                </Text>
              </View>
              <View
                collapsable={false}
                pointerEvents="box-none"
                style={
                  Object {
                    "alignItems": "flex-end",
                    "flexBasis": 0,
                    "flexGrow": 1,
                    "justifyContent": "center",
                    "marginEnd": 0,
                    "opacity": 1,
                  }
                }
              />
            </View>
          </View>
        </View>
      </View>
      <View
        onLayout={[Function]}
        style={
          Object {
            "flex": 1,
          }
        }
      >
        <View
          activityState={2}
          collapsable={false}
          forwardedRef={[Function]}
          pointerEvents="box-none"
          style={
            Object {
              "bottom": 0,
              "left": 0,
              "position": "absolute",
              "right": 0,
              "top": 0,
            }
          }
        >
          <View
            collapsable={false}
            style={
              Object {
                "opacity": 1,
              }
            }
          />
          <View
            accessibilityElementsHidden={false}
            closing={false}
            gestureVelocityImpact={0.3}
            importantForAccessibility="auto"
            onClose={[Function]}
            onGestureBegin={[Function]}
            onGestureCanceled={[Function]}
            onGestureEnd={[Function]}
            onOpen={[Function]}
            onTransition={[Function]}
            pointerEvents="box-none"
            style={
              Array [
                Object {
                  "display": "flex",
                  "overflow": undefined,
                },
                Object {
                  "bottom": 0,
                  "left": 0,
                  "position": "absolute",
                  "right": 0,
                  "top": 0,
                },
              ]
            }
            transitionSpec={
              Object {
                "close": Object {
                  "animation": "spring",
                  "config": Object {
                    "damping": 500,
                    "mass": 3,
                    "overshootClamping": true,
                    "restDisplacementThreshold": 10,
                    "restSpeedThreshold": 10,
                    "stiffness": 1000,
                  },
                },
                "open": Object {
                  "animation": "spring",
                  "config": Object {
                    "damping": 500,
                    "mass": 3,
                    "overshootClamping": true,
                    "restDisplacementThreshold": 10,
                    "restSpeedThreshold": 10,
                    "stiffness": 1000,
                  },
                },
              }
            }
          >
            <View
              collapsable={false}
              pointerEvents="box-none"
              style={
                Object {
                  "flex": 1,
                }
              }
            >
              <View
                collapsable={false}
                forwardedRef={[Function]}
                handlerTag={1}
                handlerType="PanGestureHandler"
                needsOffscreenAlphaCompositing={false}
                onGestureHandlerEvent={[Function]}
                onGestureHandlerStateChange={[Function]}
                style={
                  Object {
                    "flex": 1,
                    "transform": Array [
                      Object {
                        "translateX": 0,
                      },
                      Object {
                        "translateX": 0,
                      },
                    ],
                  }
                }
              >
                <View
                  pointerEvents="box-none"
                  style={
                    Array [
                      Object {
                        "flex": 1,
                        "overflow": "hidden",
                      },
                      Array [
                        Object {
                          "backgroundColor": "#FFFFFF",
                        },
                        undefined,
                      ],
                    ]
                  }
                >
                  <View
                    style={
                      Object {
                        "flex": 1,
                        "flexDirection": "column-reverse",
                      }
                    }
                  >
                    <View
                      style={
                        Object {
                          "flex": 1,
                        }
                      }
                    >
                      <View
                        accessible={true}
                        collapsable={false}
                        focusable={true}
                        onBlur={[Function]}
                        onClick={[Function]}
                        onFocus={[Function]}
                        onResponderGrant={[Function]}
                        onResponderMove={[Function]}
                        onResponderRelease={[Function]}
                        onResponderTerminate={[Function]}
                        onResponderTerminationRequest={[Function]}
                        onStartShouldSetResponder={[Function]}
                        onTouchEnd={[Function]}
                        testID="PaymentCardSmallTestID-pressable"
                      >
                        <View
                          style={
                            Object {
                              "transform": Array [
                                Object {
                                  "scale": undefined,
                                },
                              ],
                            }
                          }
                        >
                          <View
                            style={
                              Array [
                                Object {
                                  "aspectRatio": 1.6,
                                  "backgroundColor": "#E8EBF1",
                                  "borderRadius": 8,
                                  "flex": 1,
                                  "flexBasis": 127,
                                  "flexGrow": 0,
                                  "height": 80,
                                  "padding": 16,
                                  "width": 127,
                                },
                                false,
                              ]
                            }
                            testID="PaymentCardSmallTestID"
                          >
                            <View
                              style={
                                Array [
                                  Object {
                                    "flexDirection": "row",
                                    "justifyContent": "space-between",
                                  },
                                  Object {
                                    "alignItems": "center",
                                  },
                                ]
                              }
                            >
                              <RNSVGSvgView
                                align="xMidYMid"
                                bbHeight={24}
                                bbWidth={24}
                                focusable={false}
                                height={24}
                                meetOrSlice={0}
                                minX={0}
                                minY={0}
                                style={
                                  Array [
                                    Object {
                                      "backgroundColor": "transparent",
                                      "borderWidth": 0,
                                    },
                                    Object {
                                      "flex": 0,
                                      "height": 24,
                                      "width": 24,
                                    },
                                  ]
                                }
                                vbHeight={24}
                                vbWidth={24}
                                width={24}
                              >
                                <RNSVGGroup
                                  fill={
                                    Object {
                                      "payload": 4278190080,
                                      "type": 0,
                                    }
                                  }
                                >
                                  <RNSVGPath
                                    d="M8.75415 6.58813h6.48917v11.662H8.75415z"
                                    fill={
                                      Object {
                                        "payload": 4285952960,
                                        "type": 0,
                                      }
                                    }
                                    propList={
                                      Array [
                                        "fill",
                                      ]
                                    }
                                  />
                                  <RNSVGPath
                                    d="M9.16616 12.4181c-.0018-2.2753 1.04274-4.42514 2.83254-5.82997-3.04065-2.38965-7.4072-2.04157-10.03091.79961-2.62372 2.84116-2.62372 7.22156 0 10.06276 2.62371 2.8412 6.99026 3.1892 10.03091.7996-1.7904-1.4053-2.83497-3.556-2.83254-5.832Z"
                                    fill={
                                      Object {
                                        "payload": 4293591067,
                                        "type": 0,
                                      }
                                    }
                                    propList={
                                      Array [
                                        "fill",
                                      ]
                                    }
                                  />
                                  <RNSVGPath
                                    d="M23.2411 17.4813v-.4132h.1534v-.0841h-.3908v.0841h.1535v.4132h.0839Zm.7588 0v-.4981h-.1198l-.1378.3426-.1378-.3426h-.1199v.4981h.0846v-.3758l.1292.324h.0877l.1293-.3248v.3766h.0845ZM23.9986 12.4181c-.0001 2.8395-1.6214 5.4296-4.1754 6.6705-2.554 1.2408-5.5922.9144-7.8244-.8405 1.7891-1.406 2.8336-3.5555 2.8336-5.831 0-2.2754-1.0445-4.42495-2.8336-5.83097 2.2322-1.75494 5.2704-2.0813 7.8244-.84048 2.554 1.24082 4.1753 3.83098 4.1754 6.67045v.002Z"
                                    fill={
                                      Object {
                                        "payload": 4278231519,
                                        "type": 0,
                                      }
                                    }
                                    propList={
                                      Array [
                                        "fill",
                                      ]
                                    }
                                  />
                                </RNSVGGroup>
                              </RNSVGSvgView>
                            </View>
                            <View
                              style={
                                Object {
                                  "height": 8,
                                }
                              }
                            />
                            <Text
                              allowFontScaling={false}
                              color="grey-700"
                              defaultColor="black"
                              defaultWeight="Regular"
                              ellipsizeMode="tail"
                              font="TitilliumWeb"
                              fontStyle={
                                Object {
                                  "fontSize": 12,
                                }
                              }
                              numberOfLines={1}
                              style={
                                Array [
                                  Object {
                                    "fontSize": 12,
                                  },
                                  Object {
                                    "color": "#555C70",
                                    "fontFamily": "Titillium Web",
                                    "fontStyle": "normal",
                                    "fontWeight": "400",
                                  },
                                ]
                              }
                              weight="Regular"
                            >
                              •••• 9900
                            </Text>
                          </View>
                        </View>
                      </View>
                    </View>
                  </View>
                </View>
              </View>
            </View>
          </View>
        </View>
      </View>
    </View>
  </RNCSafeAreaProvider>
</View>
`;
