// Jest Snapshot v1, https://goo.gl/fbAQLP

exports[`ServicesHeader component should match the snapshot 1`] = `
<View
  style={
    {
      "alignItems": "center",
      "flexDirection": "row",
      "justifyContent": "space-between",
      "paddingVertical": 6,
    }
  }
  testID="services-header"
>
  <View
    style={
      {
        "marginRight": 16,
      }
    }
  >
    <View
      accessibilityIgnoresInvertColors={true}
      style={
        [
          {
            "borderColor": "rgba(14,15,19,0.1)",
            "borderCurve": "continuous",
            "borderWidth": 1,
            "overflow": "hidden",
          },
          {
            "backgroundColor": "#FFFFFF",
            "borderRadius": 12,
            "height": 66,
            "padding": 9,
            "width": 66,
          },
        ]
      }
    >
      <View
        style={
          [
            {
              "backgroundColor": "#FFFFFF",
              "borderCurve": "continuous",
              "overflow": "hidden",
            },
            {
              "borderRadius": 3,
            },
          ]
        }
      >
        <Image
          accessibilityIgnoresInvertColors={true}
          onError={[Function]}
          source={
            {
              "testUri": "../../../img/test/logo.png",
            }
          }
          style={
            {
              "height": "100%",
              "resizeMode": "contain",
              "width": "100%",
            }
          }
        />
      </View>
    </View>
  </View>
  <View
    style={
      {
        "flex": 1,
      }
    }
  >
    <Text
      allowFontScaling={false}
      color="bluegreyDark"
      defaultColor="bluegreyDark"
      defaultWeight="Semibold"
      dynamicTypeRamp="title2"
      font="TitilliumSansPro"
      fontStyle={
        {
          "fontSize": 22,
          "lineHeight": 33,
        }
      }
      maxFontSizeMultiplier={1.25}
      style={
        [
          {
            "fontSize": 22,
            "lineHeight": 33,
          },
          {
            "color": "#17324D",
            "fontFamily": "Titillium Sans Pro",
            "fontStyle": "normal",
            "fontWeight": "600",
          },
        ]
      }
      weight="Semibold"
    >
      #### title ####
    </Text>
    <Text
      allowFontScaling={false}
      color="grey-700"
      defaultColor="blue"
      defaultWeight="Bold"
      dynamicTypeRamp="footnote"
      font="TitilliumSansPro"
      fontSize="regular"
      fontStyle={
        {
          "fontSize": 14,
          "lineHeight": 21,
        }
      }
      maxFontSizeMultiplier={1.25}
      style={
        [
          {
            "fontSize": 14,
            "lineHeight": 21,
          },
          {
            "color": "#555C70",
            "fontFamily": "Titillium Sans Pro",
            "fontStyle": "normal",
            "fontWeight": "700",
          },
        ]
      }
      weight="Bold"
    >
      #### subTitle ####
    </Text>
  </View>
</View>
`;
