// Jest Snapshot v1, https://goo.gl/fbAQLP

exports[`ServicesHeaderSection component should match snapshot for loading 1`] = `
<View
  style={
    [
      {
        "backgroundColor": "#F4F5F8",
      },
      {
        "marginTop": -1334,
        "paddingBottom": undefined,
        "paddingTop": 1534,
      },
    ]
  }
>
  <View
    style={
      {
        "paddingHorizontal": 24,
      }
    }
  >
    <View
      accessible={true}
      style={
        {
          "alignItems": "center",
          "flexDirection": "row",
          "justifyContent": "space-between",
          "paddingVertical": 6,
        }
      }
      testID="services-header-skeleton"
    >
      <View
        style={
          {
            "marginRight": 16,
          }
        }
      >
        <View
          collapsable={false}
          style={
            {
              "opacity": 0.5,
            }
          }
        >
          <View
            color="#D2D6E3"
            height={66}
            radius={12}
            style={
              {
                "backgroundColor": "#D2D6E3",
                "borderRadius": 12,
                "height": 66,
                "width": 66,
              }
            }
            width={66}
          />
        </View>
      </View>
      <View
        style={
          {
            "flex": 1,
          }
        }
      >
        <View
          collapsable={false}
          style={
            {
              "opacity": 0.5,
            }
          }
        >
          <View
            color="#D2D6E3"
            height={16}
            radius={8}
            style={
              {
                "backgroundColor": "#D2D6E3",
                "borderRadius": 8,
                "height": 16,
                "width": "100%",
              }
            }
            width="100%"
          />
        </View>
        <View
          style={
            {
              "height": 8,
            }
          }
        />
        <View
          collapsable={false}
          style={
            {
              "opacity": 0.5,
            }
          }
        >
          <View
            color="#D2D6E3"
            height={16}
            radius={8}
            style={
              {
                "backgroundColor": "#D2D6E3",
                "borderRadius": 8,
                "height": 16,
                "width": "80%",
              }
            }
            width="80%"
          />
        </View>
        <View
          style={
            {
              "height": 8,
            }
          }
        />
        <View
          collapsable={false}
          style={
            {
              "opacity": 0.5,
            }
          }
        >
          <View
            color="#D2D6E3"
            height={8}
            radius={8}
            style={
              {
                "backgroundColor": "#D2D6E3",
                "borderRadius": 8,
                "height": 8,
                "width": "60%",
              }
            }
            width="60%"
          />
        </View>
      </View>
    </View>
    <View
      style={
        {
          "height": 16,
        }
      }
    />
  </View>
</View>
`;

exports[`ServicesHeaderSection component should match the snapshot for service header 1`] = `
<View
  style={
    [
      {
        "backgroundColor": "#F4F5F8",
      },
      {
        "marginTop": -1334,
        "paddingBottom": undefined,
        "paddingTop": 1534,
      },
    ]
  }
>
  <View
    style={
      {
        "paddingHorizontal": 24,
      }
    }
  >
    <View
      style={
        {
          "alignItems": "center",
          "flexDirection": "row",
          "justifyContent": "space-between",
          "paddingVertical": 6,
        }
      }
      testID="services-header"
    >
      <View
        style={
          {
            "marginRight": 16,
          }
        }
      >
        <View
          accessibilityIgnoresInvertColors={true}
          style={
            [
              {
                "borderColor": "rgba(14,15,19,0.1)",
                "borderCurve": "continuous",
                "borderWidth": 1,
                "overflow": "hidden",
              },
              {
                "backgroundColor": "#FFFFFF",
                "borderRadius": 12,
                "height": 66,
                "padding": 9,
                "width": 66,
              },
            ]
          }
        >
          <View
            style={
              [
                {
                  "backgroundColor": "#FFFFFF",
                  "borderCurve": "continuous",
                  "overflow": "hidden",
                },
                {
                  "borderRadius": 3,
                },
              ]
            }
          >
            <Image
              accessibilityIgnoresInvertColors={true}
              onError={[Function]}
              source={
                {
                  "testUri": "../../../img/test/logo.png",
                }
              }
              style={
                {
                  "height": "100%",
                  "resizeMode": "contain",
                  "width": "100%",
                }
              }
            />
          </View>
        </View>
      </View>
      <View
        style={
          {
            "flex": 1,
          }
        }
      >
        <Text
          allowFontScaling={false}
          dynamicTypeRamp="title2"
          maxFontSizeMultiplier={1.25}
          style={
            [
              {},
              {
                "color": "#2B2E38",
                "fontFamily": "Titillium Sans Pro",
                "fontSize": 22,
                "fontStyle": "normal",
                "fontWeight": "600",
                "lineHeight": 33,
              },
            ]
          }
        >
          #### title ####
        </Text>
        <Text
          allowFontScaling={false}
          dynamicTypeRamp="footnote"
          maxFontSizeMultiplier={1.25}
          style={
            [
              {},
              {
                "color": "#555C70",
                "fontFamily": "Titillium Sans Pro",
                "fontSize": 14,
                "fontStyle": "normal",
                "fontWeight": "700",
                "lineHeight": 21,
              },
            ]
          }
        >
          #### subTitle ####
        </Text>
      </View>
    </View>
    <View
      style={
        {
          "height": 16,
        }
      }
    />
  </View>
</View>
`;
