// Jest Snapshot v1, https://goo.gl/fbAQLP

exports[`Test SecurityScreen should match snapshot when 'fimsIsHistoryEnabledSelector' returns 'true' 1`] = `
<View
  style={
    {
      "flex": 1,
    }
  }
>
  <RNCSafeAreaProvider
    onInsetsChange={[Function]}
    style={
      [
        {
          "flex": 1,
        },
        undefined,
      ]
    }
  >
    <View
      style={
        [
          {
            "backgroundColor": "#FFFFFF",
            "flex": 1,
          },
          undefined,
        ]
      }
    >
      <View
        collapsable={false}
        pointerEvents="box-none"
        style={
          {
            "zIndex": 1,
          }
        }
      >
        <View
          accessibilityElementsHidden={false}
          importantForAccessibility="auto"
          onLayout={[Function]}
          pointerEvents="box-none"
          style={null}
        >
          <View
            collapsable={false}
            pointerEvents="box-none"
            style={
              {
                "bottom": 0,
                "left": 0,
                "opacity": 1,
                "position": "absolute",
                "right": 0,
                "top": 0,
                "zIndex": 0,
              }
            }
          >
            <View
              collapsable={false}
              style={
                {
                  "backgroundColor": "#FFFFFF",
                  "borderBottomColor": "rgb(216, 216, 216)",
                  "flex": 1,
                  "shadowColor": "rgb(216, 216, 216)",
                  "shadowOffset": {
                    "height": 0.5,
                    "width": 0,
                  },
                  "shadowOpacity": 0.85,
                  "shadowRadius": 0,
                }
              }
            />
          </View>
          <View
            collapsable={false}
            pointerEvents="box-none"
            style={
              {
                "height": 44,
                "maxHeight": undefined,
                "minHeight": undefined,
                "opacity": undefined,
                "transform": undefined,
              }
            }
          >
            <View
              pointerEvents="none"
              style={
                {
                  "height": 0,
                }
              }
            />
            <View
              pointerEvents="box-none"
              style={
                {
                  "alignItems": "stretch",
                  "flex": 1,
                  "flexDirection": "row",
                }
              }
            >
              <View
                collapsable={false}
                pointerEvents="box-none"
                style={
                  {
                    "alignItems": "flex-start",
                    "flexBasis": 0,
                    "flexGrow": 1,
                    "justifyContent": "center",
                    "marginStart": 0,
                    "opacity": 1,
                  }
                }
              />
              <View
                collapsable={false}
                pointerEvents="box-none"
                style={
                  {
                    "justifyContent": "center",
                    "marginHorizontal": 16,
                    "maxWidth": 718,
                    "opacity": 1,
                  }
                }
              >
                <Text
                  accessibilityRole="header"
                  aria-level="1"
                  collapsable={false}
                  numberOfLines={1}
                  onLayout={[Function]}
                  style={
                    {
                      "color": "rgb(28, 28, 30)",
                      "fontSize": 17,
                      "fontWeight": "600",
                    }
                  }
                >
                  PROFILE_SECURITY
                </Text>
              </View>
              <View
                collapsable={false}
                pointerEvents="box-none"
                style={
                  {
                    "alignItems": "flex-end",
                    "flexBasis": 0,
                    "flexGrow": 1,
                    "justifyContent": "center",
                    "marginEnd": 0,
                    "opacity": 1,
                  }
                }
              />
            </View>
          </View>
        </View>
      </View>
      <RNSScreenContainer
        onLayout={[Function]}
        style={
          {
            "flex": 1,
          }
        }
      >
        <RNSScreen
          activityState={2}
          collapsable={false}
          gestureResponseDistance={
            {
              "bottom": -1,
              "end": -1,
              "start": -1,
              "top": -1,
            }
          }
          onGestureCancel={[Function]}
          pointerEvents="box-none"
          sheetAllowedDetents="large"
          sheetCornerRadius={-1}
          sheetExpandsWhenScrolledToEdge={true}
          sheetGrabberVisible={false}
          sheetLargestUndimmedDetent="all"
          style={
            {
              "bottom": 0,
              "left": 0,
              "position": "absolute",
              "right": 0,
              "top": 0,
              "zIndex": undefined,
            }
          }
        >
          <View
            collapsable={false}
            style={
              {
                "opacity": 1,
              }
            }
          />
          <View
            accessibilityElementsHidden={false}
            closing={false}
            gestureVelocityImpact={0.3}
            importantForAccessibility="auto"
            onClose={[Function]}
            onGestureBegin={[Function]}
            onGestureCanceled={[Function]}
            onGestureEnd={[Function]}
            onOpen={[Function]}
            onTransition={[Function]}
            pointerEvents="box-none"
            style={
              [
                {
                  "display": "flex",
                  "overflow": undefined,
                },
                {
                  "bottom": 0,
                  "left": 0,
                  "position": "absolute",
                  "right": 0,
                  "top": 0,
                },
              ]
            }
            transitionSpec={
              {
                "close": {
                  "animation": "spring",
                  "config": {
                    "damping": 500,
                    "mass": 3,
                    "overshootClamping": true,
                    "restDisplacementThreshold": 10,
                    "restSpeedThreshold": 10,
                    "stiffness": 1000,
                  },
                },
                "open": {
                  "animation": "spring",
                  "config": {
                    "damping": 500,
                    "mass": 3,
                    "overshootClamping": true,
                    "restDisplacementThreshold": 10,
                    "restSpeedThreshold": 10,
                    "stiffness": 1000,
                  },
                },
              }
            }
          >
            <View
              collapsable={false}
              pointerEvents="box-none"
              style={
                {
                  "flex": 1,
                }
              }
            >
              <View
                collapsable={false}
                handlerTag={5}
                handlerType="PanGestureHandler"
                needsOffscreenAlphaCompositing={false}
                onGestureHandlerEvent={[Function]}
                onGestureHandlerStateChange={[Function]}
                style={
                  {
                    "flex": 1,
                    "transform": [
                      {
                        "translateX": 0,
                      },
                      {
                        "translateX": 0,
                      },
                    ],
                  }
                }
              >
                <View
                  pointerEvents="box-none"
                  style={
                    [
                      {
                        "flex": 1,
                        "overflow": "hidden",
                      },
                      [
                        {
                          "backgroundColor": "#FFFFFF",
                        },
                        undefined,
                      ],
                    ]
                  }
                >
                  <View
                    style={
                      {
                        "flex": 1,
                        "flexDirection": "column-reverse",
                      }
                    }
                  >
                    <View
                      style={
                        {
                          "flex": 1,
                        }
                      }
                    >
                      <RCTScrollView
                        collapsable={false}
                        contentContainerStyle={
                          [
                            {
                              "paddingBottom": 56,
                              "paddingHorizontal": 0,
                            },
                            {},
                          ]
                        }
                        decelerationRate="normal"
                        onScroll={[Function]}
                        scrollEventThrottle={8}
                        snapToEnd={false}
                        snapToOffsets={
                          [
                            0,
                            0,
                          ]
                        }
                        style={{}}
                      >
                        <View>
                          <View
                            accessible={true}
                            onLayout={[Function]}
                            style={
                              {
                                "paddingHorizontal": 24,
                              }
                            }
                          >
                            <Text
                              accessibilityLabel="Security"
                              accessibilityRole="header"
                              allowFontScaling={false}
                              dynamicTypeRamp="title1"
                              maxFontSizeMultiplier={1.25}
                              style={
                                [
                                  {},
                                  {
                                    "color": "#0E0F13",
                                    "fontFamily": "Titillium Sans Pro",
                                    "fontSize": 28,
                                    "fontStyle": "normal",
                                    "fontWeight": "600",
                                    "lineHeight": 40,
                                  },
                                ]
                              }
                            >
                              Security
                            </Text>
                          </View>
                          <View
                            style={
                              {
                                "paddingHorizontal": 24,
                              }
                            }
                          >
                            <View
                              style={
                                {
                                  "height": 16,
                                }
                              }
                            />
                            <Text
                              allowFontScaling={false}
                              dynamicTypeRamp="body"
                              maxFontSizeMultiplier={1.25}
                              style={
                                [
                                  {},
                                  {
                                    "color": "#555C70",
                                    "fontFamily": "Titillium Sans Pro",
                                    "fontSize": 16,
                                    "fontStyle": "normal",
                                    "fontWeight": "400",
                                    "lineHeight": 24,
                                  },
                                ]
                              }
                            >
                              Manage in-app authentication methods.
                            </Text>
                          </View>
                          <View
                            style={
                              {
                                "height": 16,
                              }
                            }
                          />
                          <View
                            style={
                              {
                                "paddingHorizontal": 24,
                              }
                            }
                          >
                            <View
                              accessibilityLabel="Change the unlock code"
                              accessibilityRole="button"
                              accessibilityState={
                                {
                                  "busy": undefined,
                                  "checked": undefined,
                                  "disabled": undefined,
                                  "expanded": undefined,
                                  "selected": undefined,
                                }
                              }
                              accessibilityValue={
                                {
                                  "max": undefined,
                                  "min": undefined,
                                  "now": undefined,
                                  "text": undefined,
                                }
                              }
                              accessible={true}
                              collapsable={false}
                              focusable={true}
                              onBlur={[Function]}
                              onClick={[Function]}
                              onFocus={[Function]}
                              onResponderGrant={[Function]}
                              onResponderMove={[Function]}
                              onResponderRelease={[Function]}
                              onResponderTerminate={[Function]}
                              onResponderTerminationRequest={[Function]}
                              onStartShouldSetResponder={[Function]}
                              testID="reset-unlock-code"
                            >
                              <View
                                style={
                                  [
                                    {
                                      "marginHorizontal": -24,
                                      "paddingHorizontal": 24,
                                      "paddingVertical": 12,
                                    },
                                    {
                                      "backgroundColor": undefined,
                                    },
                                  ]
                                }
                              >
                                <View
                                  style={
                                    [
                                      {
                                        "alignItems": "center",
                                        "flexDirection": "row",
                                        "justifyContent": "space-between",
                                      },
                                      {
                                        "transform": [
                                          {
                                            "scale": undefined,
                                          },
                                        ],
                                      },
                                    ]
                                  }
                                >
                                  <View
                                    style={
                                      {
                                        "flex": 1,
                                      }
                                    }
                                  >
                                    <Text
                                      allowFontScaling={false}
                                      dynamicTypeRamp="headline"
                                      maxFontSizeMultiplier={1.25}
                                      style={
                                        [
                                          {},
                                          {
                                            "color": "#0E0F13",
                                            "fontFamily": "Titillium Sans Pro",
                                            "fontSize": 18,
                                            "fontStyle": "normal",
                                            "fontWeight": "600",
                                            "lineHeight": 25,
                                          },
                                        ]
                                      }
                                    >
                                      Change the unlock code
                                    </Text>
                                    <Text
                                      allowFontScaling={false}
                                      dynamicTypeRamp="footnote"
                                      maxFontSizeMultiplier={1.25}
                                      style={
                                        [
                                          {},
                                          {
                                            "color": "#555C70",
                                            "fontFamily": "Titillium Sans Pro",
                                            "fontSize": 14,
                                            "fontStyle": "normal",
                                            "fontWeight": "400",
                                            "lineHeight": 21,
                                          },
                                        ]
                                      }
                                    >
                                      Set a new 6-digit code.
                                    </Text>
                                  </View>
                                  <RNSVGSvgView
                                    accessibilityElementsHidden={true}
                                    accessibilityLabel=""
                                    accessible={false}
                                    align="xMidYMid"
                                    bbHeight={24}
                                    bbWidth={24}
                                    focusable={false}
                                    height={24}
                                    importantForAccessibility="no-hide-descendants"
                                    meetOrSlice={0}
                                    minX={0}
                                    minY={0}
                                    style={
                                      [
                                        {
                                          "backgroundColor": "transparent",
                                          "borderWidth": 0,
                                        },
                                        {
                                          "color": "#0073E6",
                                        },
                                        {
                                          "flex": 0,
                                          "height": 24,
                                          "width": 24,
                                        },
                                      ]
                                    }
                                    tintColor="#0073E6"
                                    vbHeight={24}
                                    vbWidth={24}
                                    width={24}
                                  >
                                    <RNSVGGroup
                                      fill={
                                        {
                                          "payload": 4278190080,
                                          "type": 0,
                                        }
                                      }
                                    >
                                      <RNSVGPath
                                        clipRule={0}
                                        d="M16.2929 5.29289c.3905-.39052 1.0237-.39052 1.4142 0l6 6.00001c.3905.3905.3905 1.0237 0 1.4142l-6 6c-.3905.3905-1.0237.3905-1.4142 0-.3905-.3905-.3905-1.0237 0-1.4142L21.5858 12l-5.2929-5.29289c-.3905-.39053-.3905-1.02369 0-1.41422Z"
                                        fill={
                                          {
                                            "type": 2,
                                          }
                                        }
                                        fillRule={0}
                                        propList={
                                          [
                                            "fill",
                                            "fillRule",
                                          ]
                                        }
                                      />
                                    </RNSVGGroup>
                                  </RNSVGSvgView>
                                </View>
                              </View>
                            </View>
                            <View
                              style={
                                {
                                  "backgroundColor": "#D2D6E3",
                                  "height": 0.5,
                                }
                              }
                            />
                            <View
                              accessibilityRole="button"
                              accessibilityState={
                                {
                                  "busy": undefined,
                                  "checked": undefined,
                                  "disabled": undefined,
                                  "expanded": undefined,
                                  "selected": undefined,
                                }
                              }
                              accessibilityValue={
                                {
                                  "max": undefined,
                                  "min": undefined,
                                  "now": undefined,
                                  "text": undefined,
                                }
                              }
                              accessible={true}
                              collapsable={false}
                              focusable={true}
                              onBlur={[Function]}
                              onClick={[Function]}
                              onFocus={[Function]}
                              onResponderGrant={[Function]}
                              onResponderMove={[Function]}
                              onResponderRelease={[Function]}
                              onResponderTerminate={[Function]}
                              onResponderTerminationRequest={[Function]}
                              onStartShouldSetResponder={[Function]}
                              testID="fims-history"
                            >
                              <View
                                style={
                                  [
                                    {
                                      "marginHorizontal": -24,
                                      "paddingHorizontal": 24,
                                      "paddingVertical": 12,
                                    },
                                    {
                                      "backgroundColor": undefined,
                                    },
                                  ]
                                }
                              >
                                <View
                                  style={
                                    [
                                      {
                                        "alignItems": "center",
                                        "flexDirection": "row",
                                        "justifyContent": "space-between",
                                      },
                                      {
                                        "transform": [
                                          {
                                            "scale": undefined,
                                          },
                                        ],
                                      },
                                    ]
                                  }
                                >
                                  <View
                                    style={
                                      {
                                        "flex": 1,
                                      }
                                    }
                                  >
                                    <Text
                                      allowFontScaling={false}
                                      dynamicTypeRamp="headline"
                                      maxFontSizeMultiplier={1.25}
                                      style={
                                        [
                                          {},
                                          {
                                            "color": "#0E0F13",
                                            "fontFamily": "Titillium Sans Pro",
                                            "fontSize": 18,
                                            "fontStyle": "normal",
                                            "fontWeight": "600",
                                            "lineHeight": 25,
                                          },
                                        ]
                                      }
                                    >
                                      Controlla i tuoi accessi
                                    </Text>
                                    <Text
                                      allowFontScaling={false}
                                      dynamicTypeRamp="footnote"
                                      maxFontSizeMultiplier={1.25}
                                      style={
                                        [
                                          {},
                                          {
                                            "color": "#555C70",
                                            "fontFamily": "Titillium Sans Pro",
                                            "fontSize": 14,
                                            "fontStyle": "normal",
                                            "fontWeight": "400",
                                            "lineHeight": 21,
                                          },
                                        ]
                                      }
                                    >
                                      Consulta la cronologia degli accessi con IO
                                    </Text>
                                  </View>
                                  <RNSVGSvgView
                                    accessibilityElementsHidden={true}
                                    accessibilityLabel=""
                                    accessible={false}
                                    align="xMidYMid"
                                    bbHeight={24}
                                    bbWidth={24}
                                    focusable={false}
                                    height={24}
                                    importantForAccessibility="no-hide-descendants"
                                    meetOrSlice={0}
                                    minX={0}
                                    minY={0}
                                    style={
                                      [
                                        {
                                          "backgroundColor": "transparent",
                                          "borderWidth": 0,
                                        },
                                        {
                                          "color": "#0073E6",
                                        },
                                        {
                                          "flex": 0,
                                          "height": 24,
                                          "width": 24,
                                        },
                                      ]
                                    }
                                    tintColor="#0073E6"
                                    vbHeight={24}
                                    vbWidth={24}
                                    width={24}
                                  >
                                    <RNSVGGroup
                                      fill={
                                        {
                                          "payload": 4278190080,
                                          "type": 0,
                                        }
                                      }
                                    >
                                      <RNSVGPath
                                        clipRule={0}
                                        d="M16.2929 5.29289c.3905-.39052 1.0237-.39052 1.4142 0l6 6.00001c.3905.3905.3905 1.0237 0 1.4142l-6 6c-.3905.3905-1.0237.3905-1.4142 0-.3905-.3905-.3905-1.0237 0-1.4142L21.5858 12l-5.2929-5.29289c-.3905-.39053-.3905-1.02369 0-1.41422Z"
                                        fill={
                                          {
                                            "type": 2,
                                          }
                                        }
                                        fillRule={0}
                                        propList={
                                          [
                                            "fill",
                                            "fillRule",
                                          ]
                                        }
                                      />
                                    </RNSVGGroup>
                                  </RNSVGSvgView>
                                </View>
                              </View>
                            </View>
                          </View>
                        </View>
                      </RCTScrollView>
                    </View>
                  </View>
                </View>
              </View>
            </View>
          </View>
        </RNSScreen>
      </RNSScreenContainer>
    </View>
  </RNCSafeAreaProvider>
</View>
`;
