// Jest Snapshot v1, https://goo.gl/fbAQLP

exports[`ListSelectionBar component should match the snapshot with default props 1`] = `
<View
  style={
    Object {
      "backgroundColor": "#E6E9F2",
      "flexDirection": "row",
      "justifyContent": "space-around",
      "padding": 5,
      "zIndex": 1,
    }
  }
>
  <View
    accessibilityRole="button"
    accessibilityState={
      Object {
        "disabled": undefined,
      }
    }
    accessible={true}
    collapsable={false}
    focusable={true}
    forwardedRef={[Function]}
    hitSlop={
      Object {
        "bottom": 4,
        "top": 4,
      }
    }
    onClick={[Function]}
    onResponderGrant={[Function]}
    onResponderMove={[Function]}
    onResponderRelease={[Function]}
    onResponderTerminate={[Function]}
    onResponderTerminationRequest={[Function]}
    onStartShouldSetResponder={[Function]}
    style={
      Object {
        "alignItems": "center",
        "alignSelf": "stretch",
        "backgroundColor": "transparent",
        "borderBottomWidth": 1,
        "borderColor": "#a9a9a9",
        "borderLeftWidth": 1,
        "borderRadius": 5,
        "borderRightWidth": 1,
        "borderTopWidth": 1,
        "borderWidth": 1,
        "elevation": null,
        "flex": 2,
        "flexDirection": "row",
        "height": 45,
        "justifyContent": "center",
        "margin": 5,
        "opacity": 1,
        "paddingBottom": 6,
        "paddingTop": 6,
        "shadowColor": null,
        "shadowOffset": null,
        "shadowOpacity": null,
        "shadowRadius": null,
      }
    }
  >
    <Text
      style={
        Object {
          "backgroundColor": "transparent",
          "color": "#a9a9a9",
          "fontFamily": "System",
          "fontSize": 16.5,
          "marginLeft": 0,
          "marginRight": 0,
          "paddingLeft": 16,
          "paddingRight": 16,
        }
      }
      uppercase={false}
    >
      Cancel
    </Text>
  </View>
  <View
    accessibilityRole="button"
    accessibilityState={
      Object {
        "disabled": undefined,
      }
    }
    accessible={true}
    collapsable={false}
    focusable={true}
    forwardedRef={[Function]}
    hitSlop={
      Object {
        "bottom": 4,
        "top": 4,
      }
    }
    onClick={[Function]}
    onResponderGrant={[Function]}
    onResponderMove={[Function]}
    onResponderRelease={[Function]}
    onResponderTerminate={[Function]}
    onResponderTerminationRequest={[Function]}
    onStartShouldSetResponder={[Function]}
    style={
      Object {
        "alignItems": "center",
        "alignSelf": "stretch",
        "backgroundColor": "#FFFFFF",
        "borderBottomWidth": 1,
        "borderColor": "#007aff",
        "borderLeftWidth": 1,
        "borderRadius": 5,
        "borderRightWidth": 1,
        "borderTopWidth": 1,
        "borderWidth": 1,
        "elevation": null,
        "flex": 2,
        "flexDirection": "row",
        "height": 45,
        "justifyContent": "center",
        "margin": 5,
        "opacity": 1,
        "paddingBottom": 6,
        "paddingTop": 6,
        "shadowColor": null,
        "shadowOffset": null,
        "shadowOpacity": null,
        "shadowRadius": null,
      }
    }
    testID="toggleAllSelection"
  >
    <Text
      style={
        Object {
          "backgroundColor": "transparent",
          "color": "#a9a9a9",
          "fontFamily": "System",
          "fontSize": 16.5,
          "marginLeft": 0,
          "marginRight": 0,
          "paddingLeft": 16,
          "paddingRight": 16,
        }
      }
      uppercase={false}
    >
      All
    </Text>
  </View>
  <View
    accessibilityRole="button"
    accessibilityState={
      Object {
        "disabled": false,
      }
    }
    accessible={true}
    collapsable={false}
    focusable={true}
    forwardedRef={[Function]}
    hitSlop={
      Object {
        "bottom": 4,
        "top": 4,
      }
    }
    onClick={[Function]}
    onResponderGrant={[Function]}
    onResponderMove={[Function]}
    onResponderRelease={[Function]}
    onResponderTerminate={[Function]}
    onResponderTerminationRequest={[Function]}
    onStartShouldSetResponder={[Function]}
    style={
      Object {
        "alignItems": "center",
        "alignSelf": "stretch",
        "backgroundColor": "#007aff",
        "borderBottomWidth": null,
        "borderColor": "#007aff",
        "borderLeftWidth": null,
        "borderRadius": 5,
        "borderRightWidth": null,
        "borderTopWidth": null,
        "borderWidth": undefined,
        "elevation": 2,
        "flex": 2,
        "flexDirection": "row",
        "height": 45,
        "justifyContent": "center",
        "margin": 5,
        "opacity": 1,
        "paddingBottom": 6,
        "paddingTop": 6,
        "shadowColor": undefined,
        "shadowOffset": undefined,
        "shadowOpacity": undefined,
        "shadowRadius": undefined,
      }
    }
  >
    <Text
      style={
        Object {
          "backgroundColor": "transparent",
          "color": "#a9a9a9",
          "fontFamily": "System",
          "fontSize": 16.5,
          "marginLeft": 0,
          "marginRight": 0,
          "paddingLeft": 16,
          "paddingRight": 16,
        }
      }
      uppercase={false}
    >
      archive
    </Text>
  </View>
</View>
`;
