// Jest Snapshot v1, https://goo.gl/fbAQLP

exports[`PayPalCheckoutPspComponent it should match the snapshot 1`] = `
<View
  style={
    Array [
      Object {},
      Object {
        "flex": 1,
        "flexDirection": "column",
      },
    ]
  }
>
  <View
    accessible={true}
    focusable={false}
    onClick={[Function]}
    onResponderGrant={[Function]}
    onResponderMove={[Function]}
    onResponderRelease={[Function]}
    onResponderTerminate={[Function]}
    onResponderTerminationRequest={[Function]}
    onStartShouldSetResponder={[Function]}
  >
    <View
      style={
        Array [
          Object {
            "alignItems": "center",
            "backgroundColor": "transparent",
            "borderBottomWidth": 0.5,
            "borderColor": "#c9c9c9",
            "flexDirection": "row",
            "marginLeft": 16,
            "paddingBottom": 13,
            "paddingRight": 16,
            "paddingTop": 13,
          },
          Object {
            "alignItems": "flex-start",
            "flexDirection": "column",
          },
        ]
      }
    >
      <View
        style={
          Array [
            Object {},
            Object {
              "flexDirection": "row",
            },
          ]
        }
      >
        <Text
          accessibilityElementsHidden={true}
          accessibilityLabel=""
          accessible={false}
          allowFontScaling={false}
          importantForAccessibility="no-hide-descendants"
          style={
            Array [
              Object {
                "color": "#475A6D",
                "fontSize": 24,
              },
              Array [
                Object {},
                Object {
                  "color": "#475A6D",
                },
                Object {
                  "fontSize": 24,
                },
              ],
              Object {
                "fontFamily": "io-icon-font",
                "fontStyle": "normal",
                "fontWeight": "normal",
              },
              Object {},
            ]
          }
        >
          
        </Text>
        <View
          hspacer={true}
          small={true}
          style={Object {}}
        />
        <Text
          color="bluegrey"
          font="TitilliumWeb"
          fontStyle={
            Object {
              "fontSize": 18,
            }
          }
          style={
            Array [
              Object {
                "fontSize": 18,
              },
              Object {
                "color": "#475A6D",
                "fontFamily": "Titillium Web",
                "fontStyle": "normal",
                "fontWeight": "600",
              },
            ]
          }
          weight="SemiBold"
          weightColorFactory={[Function]}
        >
          Costo della transazione
        </Text>
      </View>
      <View
        spacer={true}
        style={Object {}}
      />
      <View
        style={
          Array [
            Object {},
            Object {
              "alignItems": "center",
              "flex": 1,
              "flexDirection": "row",
            },
          ]
        }
      >
        <View
          style={
            Array [
              Object {},
              Object {
                "flex": 1,
                "flexDirection": "column",
              },
            ]
          }
        >
          <Text
            color="bluegreyDark"
            font="TitilliumWeb"
            fontStyle={
              Object {
                "fontSize": 16,
              }
            }
            style={
              Array [
                Object {
                  "fontSize": 16,
                },
                Object {
                  "color": "#17324D",
                  "fontFamily": "Titillium Web",
                  "fontStyle": "normal",
                  "fontWeight": "700",
                },
              ]
            }
            weight="Bold"
            weightColorFactory={[Function]}
          >
            € 1,23
          </Text>
          <Text
            color="bluegrey"
            defaultColor="blue"
            defaultWeight="Bold"
            font="TitilliumWeb"
            fontStyle={
              Object {
                "fontSize": 16,
              }
            }
            style={
              Array [
                Object {
                  "fontSize": 16,
                },
                Object {
                  "color": "#475A6D",
                  "fontFamily": "Titillium Web",
                  "fontStyle": "normal",
                  "fontWeight": "400",
                },
              ]
            }
            weight="Regular"
          >
            Gestita da pspName
          </Text>
        </View>
      </View>
    </View>
  </View>
  <View
    spacer={true}
    style={Object {}}
  />
  <Text
    color="bluegrey"
    defaultColor="blue"
    defaultWeight="Bold"
    font="TitilliumWeb"
    fontStyle={
      Object {
        "fontSize": 16,
      }
    }
    style={
      Array [
        Object {
          "fontSize": 16,
        },
        Object {
          "color": "#475A6D",
          "fontFamily": "Titillium Web",
          "fontStyle": "normal",
          "fontWeight": "400",
        },
      ]
    }
    weight="Regular"
  >
    Proseguendo dichiari di aver letto e compreso i
  </Text>
  <Text
    accessibilityRole="link"
    color="blue"
    defaultColor="blue"
    defaultWeight="SemiBold"
    font="TitilliumWeb"
    fontStyle={
      Object {
        "fontSize": 16,
        "textDecorationLine": "underline",
      }
    }
    onPress={[Function]}
    style={
      Array [
        Object {
          "fontSize": 16,
          "textDecorationLine": "underline",
        },
        Object {
          "color": "#0073E6",
          "fontFamily": "Titillium Web",
          "fontStyle": "normal",
          "fontWeight": "600",
        },
      ]
    }
    weight="SemiBold"
  >
    Termini e condizioni d’uso e l’Informativa Privacy
  </Text>
</View>
`;
